Component: Arm Compiler for Embedded 6.21 Tool: armlink [5ec1fa00]

==============================================================================

Section Cross References

    startup_stm32f103xb.o(STACK) refers (Special) to heapauxi.o(.text) for __use_two_region_memory
    startup_stm32f103xb.o(HEAP) refers (Special) to heapauxi.o(.text) for __use_two_region_memory
    startup_stm32f103xb.o(RESET) refers (Special) to heapauxi.o(.text) for __use_two_region_memory
    startup_stm32f103xb.o(RESET) refers to startup_stm32f103xb.o(STACK) for __initial_sp
    startup_stm32f103xb.o(RESET) refers to startup_stm32f103xb.o(.text) for Reset_Handler
    startup_stm32f103xb.o(RESET) refers to stm32f1xx_it.o(.text.NMI_Handler) for NMI_Handler
    startup_stm32f103xb.o(RESET) refers to stm32f1xx_it.o(.text.HardFault_Handler) for HardFault_Handler
    startup_stm32f103xb.o(RESET) refers to stm32f1xx_it.o(.text.MemManage_Handler) for MemManage_Handler
    startup_stm32f103xb.o(RESET) refers to stm32f1xx_it.o(.text.BusFault_Handler) for BusFault_Handler
    startup_stm32f103xb.o(RESET) refers to stm32f1xx_it.o(.text.UsageFault_Handler) for UsageFault_Handler
    startup_stm32f103xb.o(RESET) refers to stm32f1xx_it.o(.text.SVC_Handler) for SVC_Handler
    startup_stm32f103xb.o(RESET) refers to stm32f1xx_it.o(.text.DebugMon_Handler) for DebugMon_Handler
    startup_stm32f103xb.o(RESET) refers to stm32f1xx_it.o(.text.PendSV_Handler) for PendSV_Handler
    startup_stm32f103xb.o(RESET) refers to stm32f1xx_it.o(.text.SysTick_Handler) for SysTick_Handler
    startup_stm32f103xb.o(.text) refers (Special) to heapauxi.o(.text) for __use_two_region_memory
    startup_stm32f103xb.o(.text) refers to system_stm32f1xx.o(.text.SystemInit) for SystemInit
    startup_stm32f103xb.o(.text) refers to __main.o(!!!main) for __main
    startup_stm32f103xb.o(.text) refers to startup_stm32f103xb.o(HEAP) for Heap_Mem
    startup_stm32f103xb.o(.text) refers to startup_stm32f103xb.o(STACK) for Stack_Mem
    main.o(.text) refers (Special) to _printf_percent.o(.ARM.Collect$$_printf_percent$$00000000) for _printf_percent
    main.o(.text) refers (Special) to _printf_d.o(.ARM.Collect$$_printf_percent$$00000009) for _printf_d
    main.o(.text) refers (Special) to _printf_f.o(.ARM.Collect$$_printf_percent$$00000003) for _printf_f
    main.o(.text) refers (Special) to _printf_dec.o(.text) for _printf_int_dec
    main.o(.text) refers (Special) to printf1.o(x$fpl$printf1) for _printf_fp_dec
    main.o(.text.__io_putchar) refers (Special) to _printf_percent.o(.ARM.Collect$$_printf_percent$$00000000) for _printf_percent
    main.o(.text.__io_putchar) refers (Special) to _printf_d.o(.ARM.Collect$$_printf_percent$$00000009) for _printf_d
    main.o(.text.__io_putchar) refers (Special) to _printf_f.o(.ARM.Collect$$_printf_percent$$00000003) for _printf_f
    main.o(.text.__io_putchar) refers (Special) to _printf_dec.o(.text) for _printf_int_dec
    main.o(.text.__io_putchar) refers (Special) to printf1.o(x$fpl$printf1) for _printf_fp_dec
    main.o(.text.__io_putchar) refers to usart.o(.bss.huart1) for huart1
    main.o(.text.__io_putchar) refers to stm32f1xx_hal_uart.o(.text.HAL_UART_Transmit) for HAL_UART_Transmit
    main.o(.ARM.exidx.text.__io_putchar) refers (Special) to _printf_percent.o(.ARM.Collect$$_printf_percent$$00000000) for _printf_percent
    main.o(.ARM.exidx.text.__io_putchar) refers (Special) to _printf_d.o(.ARM.Collect$$_printf_percent$$00000009) for _printf_d
    main.o(.ARM.exidx.text.__io_putchar) refers (Special) to _printf_f.o(.ARM.Collect$$_printf_percent$$00000003) for _printf_f
    main.o(.ARM.exidx.text.__io_putchar) refers (Special) to _printf_dec.o(.text) for _printf_int_dec
    main.o(.ARM.exidx.text.__io_putchar) refers (Special) to printf1.o(x$fpl$printf1) for _printf_fp_dec
    main.o(.ARM.exidx.text.__io_putchar) refers to main.o(.text.__io_putchar) for [Anonymous Symbol]
    main.o(.text.main) refers (Special) to _printf_percent.o(.ARM.Collect$$_printf_percent$$00000000) for _printf_percent
    main.o(.text.main) refers (Special) to _printf_d.o(.ARM.Collect$$_printf_percent$$00000009) for _printf_d
    main.o(.text.main) refers (Special) to _printf_f.o(.ARM.Collect$$_printf_percent$$00000003) for _printf_f
    main.o(.text.main) refers (Special) to _printf_dec.o(.text) for _printf_int_dec
    main.o(.text.main) refers (Special) to printf1.o(x$fpl$printf1) for _printf_fp_dec
    main.o(.text.main) refers to stm32f1xx_hal.o(.text.HAL_Init) for HAL_Init
    main.o(.text.main) refers to stm32f1xx_hal_rcc.o(.text.HAL_RCC_OscConfig) for HAL_RCC_OscConfig
    main.o(.text.main) refers to stm32f1xx_hal_rcc.o(.text.HAL_RCC_ClockConfig) for HAL_RCC_ClockConfig
    main.o(.text.main) refers to gpio.o(.text.MX_GPIO_Init) for MX_GPIO_Init
    main.o(.text.main) refers to i2c.o(.text.MX_I2C1_Init) for MX_I2C1_Init
    main.o(.text.main) refers to usart.o(.text.MX_USART1_UART_Init) for MX_USART1_UART_Init
[...]
    .constdata                               0x080080a8   Section      148  bigflt0.o(.constdata)
    tenpwrs_i                                0x080080e4   Data          64  bigflt0.o(.constdata)
    .constdata                               0x0800813c   Section        4  sys_io_names.o(.constdata)
    .constdata                               0x08008140   Section        4  sys_io_names.o(.constdata)
    .constdata                               0x08008144   Section        4  sys_io_names.o(.constdata)
    .L__const.dmp_set_orientation.accel_axes 0x08008148   Data           3  inv_mpu_dmp_motion_driver.o(.rodata..L__const.dmp_set_orientation.accel_axes)
    .L__const.dmp_set_orientation.gyro_axes  0x0800814b   Data           3  inv_mpu_dmp_motion_driver.o(.rodata..L__const.dmp_set_orientation.gyro_axes)
    HAL_RCC_GetSysClockFreq.aPredivFactorTable 0x08008166   Data           2  stm32f1xx_hal_rcc.o(.rodata.HAL_RCC_GetSysClockFreq.aPredivFactorTable)
    [Anonymous Symbol]                       0x08008166   Section        0  stm32f1xx_hal_rcc.o(.rodata.HAL_RCC_GetSysClockFreq.aPredivFactorTable)
    HAL_RCC_GetSysClockFreq.aPLLMULFactorTable 0x08008168   Data          16  stm32f1xx_hal_rcc.o(.rodata.cst16)
    [Anonymous Symbol]                       0x08008168   Section        0  stm32f1xx_hal_rcc.o(.rodata.cst16)
    .Lswitch.table.mpu_lp_motion_interrupt   0x08008178   Data           8  inv_mpu.o(.rodata.cst8)
    dmp_memory                               0x08008180   Data        3062  inv_mpu_dmp_motion_driver.o(.rodata.dmp_memory)
    [Anonymous Symbol]                       0x08008180   Section        0  inv_mpu_dmp_motion_driver.o(.rodata.dmp_memory)
    locale$$data                             0x08008de8   Section       28  lc_numeric_c.o(locale$$data)
    __lcnum_c_name                           0x08008dec   Data           2  lc_numeric_c.o(locale$$data)
    __lcnum_c_start                          0x08008df4   Data           0  lc_numeric_c.o(locale$$data)
    __lcnum_c_point                          0x08008e00   Data           0  lc_numeric_c.o(locale$$data)
    __lcnum_c_thousands                      0x08008e02   Data           0  lc_numeric_c.o(locale$$data)
    __lcnum_c_grouping                       0x08008e03   Data           0  lc_numeric_c.o(locale$$data)
    __lcnum_c_end                            0x08008e04   Data           0  lc_numeric_c.o(locale$$data)
    .data                                    0x20000000   Section        4  stdio_streams.o(.data)
    .data                                    0x20000004   Section        4  stdio_streams.o(.data)
    .data                                    0x20000008   Section        4  stdio_streams.o(.data)
    .L_MergedGlobals                         0x2000000c   Data           8  stm32f1xx_hal.o(.data..L_MergedGlobals)
    [Anonymous Symbol]                       0x2000000c   Section        0  stm32f1xx_hal.o(.data..L_MergedGlobals)
    st                                       0x20000018   Data          44  inv_mpu.o(.data.st)
    [Anonymous Symbol]                       0x20000018   Section        0  inv_mpu.o(.data.st)
    .bss                                     0x20000048   Section       84  stdio_streams.o(.bss)
    .bss                                     0x2000009c   Section       84  stdio_streams.o(.bss)
    .bss                                     0x200000f0   Section       84  stdio_streams.o(.bss)
    .bss                                     0x20000144   Section       96  libspace.o(.bss)
    .L_MergedGlobals                         0x200001a4   Data          16  main.o(.bss..L_MergedGlobals)
    [Anonymous Symbol]                       0x200001a4   Section        0  main.o(.bss..L_MergedGlobals)
    .L_MergedGlobals                         0x200001b4   Data          16  inv_mpu_dmp_motion_driver.o(.bss..L_MergedGlobals)
    dmp.5                                    0x200001b4   Data           1  inv_mpu_dmp_motion_driver.o(.bss..L_MergedGlobals)
    [Anonymous Symbol]                       0x200001b4   Section        0  inv_mpu_dmp_motion_driver.o(.bss..L_MergedGlobals)
    dmp.3                                    0x200001b8   Data           2  inv_mpu_dmp_motion_driver.o(.bss..L_MergedGlobals)
    dmp.0                                    0x200001bc   Data           4  inv_mpu_dmp_motion_driver.o(.bss..L_MergedGlobals)
    dmp.1                                    0x200001c0   Data           4  inv_mpu_dmp_motion_driver.o(.bss..L_MergedGlobals)
    dmp.2                                    0x200001c4   Data           2  inv_mpu_dmp_motion_driver.o(.bss.dmp.2)
    [Anonymous Symbol]                       0x200001c4   Section        0  inv_mpu_dmp_motion_driver.o(.bss.dmp.2)
    dmp.4                                    0x200001c8   Data           2  inv_mpu_dmp_motion_driver.o(.bss.dmp.4)
    [Anonymous Symbol]                       0x200001c8   Section        0  inv_mpu_dmp_motion_driver.o(.bss.dmp.4)
    Heap_Mem                                 0x20000270   Data         512  startup_stm32f103xb.o(HEAP)
    HEAP                                     0x20000270   Section      512  startup_stm32f103xb.o(HEAP)
    Stack_Mem                                0x20000470   Data        1024  startup_stm32f103xb.o(STACK)
    STACK                                    0x20000470   Section     1024  startup_stm32f103xb.o(STACK)
    __initial_sp                             0x20000870   Data           0  startup_stm32f103xb.o(STACK)

    Global Symbols

    Symbol Name                              Value     Ov Type        Size  Object(Section)

    BuildAttributes$$THM_ISAv4$P$D$K$B$S$PE$A:L22UL41UL21$X:L11$S22US41US21$IEEE1$IW$~IW$USESV6$~STKCKD$USESV7$~SHL$OTIME$ROPI$IEEEX$EBA8$UX$STANDARDLIB$REQ8$PRES8$EABIv2 0x00000000   Number         0  anon$$obj.o ABSOLUTE
    __fp_init_empty                          0x00000000   Number         0  fpinit_empty.o ABSOLUTE
    _printf_flags                            0x00000000   Number         0  printf_stubs.o ABSOLUTE
    _printf_return_value                     0x00000000   Number         0  printf_stubs.o ABSOLUTE
    _printf_sizespec                         0x00000000   Number         0  printf_stubs.o ABSOLUTE
    _printf_widthprec                        0x00000000   Number         0  printf_stubs.o ABSOLUTE
    __ARM_exceptions_init                     - Undefined Weak Reference
    __alloca_initialize                       - Undefined Weak Reference
    __arm_preinit_                            - Undefined Weak Reference
    __arm_relocate_pie_                       - Undefined Weak Reference
    __cpp_initialize__aeabi_                  - Undefined Weak Reference
    __cxa_finalize                            - Undefined Weak Reference
    __sigvec_lookup                           - Undefined Weak Reference
    __user_heap_extent                        - Undefined Weak Reference
    _atexit_init                              - Undefined Weak Reference
    _call_atexit_fns                          - Undefined Weak Reference
    _clock_init                               - Undefined Weak Reference
    _fp_trap_init                             - Undefined Weak Reference
    _fp_trap_shutdown                         - Undefined Weak Reference
    _get_lc_collate                           - Undefined Weak Reference
    _get_lc_ctype                             - Undefined Weak Reference
    _get_lc_monetary                          - Undefined Weak Reference
    _get_lc_time                              - Undefined Weak Reference
    _getenv_init                              - Undefined Weak Reference
    _handle_redirection                       - Undefined Weak Reference
    _mutex_acquire                            - Undefined Weak Reference
    _mutex_free                               - Undefined Weak Reference
    _mutex_release                            - Undefined Weak Reference
    _printf_truncate_signed                   - Undefined Weak Reference
    _printf_truncate_unsigned                 - Undefined Weak Reference
    _rand_init                                - Undefined Weak Reference
    _signal_finish                            - Undefined Weak Reference
    _signal_init                              - Undefined Weak Reference
    __Vectors_Size                           0x000000ec   Number         0  startup_stm32f103xb.o ABSOLUTE
    __Vectors                                0x08000000   Data           4  startup_stm32f103xb.o(RESET)
    __Vectors_End                            0x080000ec   Data           0  startup_stm32f103xb.o(RESET)
    __main                                   0x080000ed   Thumb Code     8  __main.o(!!!main)
    __scatterload                            0x080000f5   Thumb Code     0  __scatter.o(!!!scatter)
    __scatterload_rt2                        0x080000f5   Thumb Code    84  __scatter.o(!!!scatter)
    __scatterload_rt2_thumb_only             0x080000f5   Thumb Code     0  __scatter.o(!!!scatter)
    __scatterload_loop                       0x080000ff   Thumb Code     0  __scatter.o(!!!scatter)
    __scatterload_copy                       0x08000151   Thumb Code    26  __scatter_copy.o(!!handler_copy)
    __scatterload_null                       0x0800016d   Thumb Code     2  __scatter.o(!!handler_null)
    __scatterload_zeroinit                   0x08000171   Thumb Code    28  __scatter_zi.o(!!handler_zi)
    _printf_f                                0x0800018d   Thumb Code     0  _printf_f.o(.ARM.Collect$$_printf_percent$$00000003)
    _printf_percent                          0x0800018d   Thumb Code     0  _printf_percent.o(.ARM.Collect$$_printf_percent$$00000000)
    _printf_d                                0x08000193   Thumb Code     0  _printf_d.o(.ARM.Collect$$_printf_percent$$00000009)
    _printf_x                                0x08000199   Thumb Code     0  _printf_x.o(.ARM.Collect$$_printf_percent$$0000000C)
    _printf_percent_end                      0x0800019f   Thumb Code     0  _printf_percent_end.o(.ARM.Collect$$_printf_percent$$00000017)
    __rt_lib_init                            0x080001a3   Thumb Code     0  libinit.o(.ARM.Collect$$libinit$$00000000)
    __rt_lib_init_fp_1                       0x080001a5   Thumb Code     0  libinit2.o(.ARM.Collect$$libinit$$00000002)
    __rt_lib_init_heap_2                     0x080001a5   Thumb Code     0  libinit2.o(.ARM.Collect$$libinit$$00000007)
    __rt_lib_init_preinit_1                  0x080001a5   Thumb Code     0  libinit2.o(.ARM.Collect$$libinit$$00000006)
    __rt_lib_init_relocate_pie_1             0x080001a5   Thumb Code     0  libinit2.o(.ARM.Collect$$libinit$$00000004)
    __rt_lib_init_heap_1                     0x080001ad   Thumb Code     0  libinit2.o(.ARM.Collect$$libinit$$0000000C)
    __rt_lib_init_lc_common                  0x080001ad   Thumb Code     0  libinit2.o(.ARM.Collect$$libinit$$00000011)
    __rt_lib_init_rand_1                     0x080001ad   Thumb Code     0  libinit2.o(.ARM.Collect$$libinit$$00000010)
    __rt_lib_init_user_alloc_1               0x080001ad   Thumb Code     0  libinit2.o(.ARM.Collect$$libinit$$0000000E)
    __rt_lib_init_lc_collate_1               0x080001b3   Thumb Code     0  libinit2.o(.ARM.Collect$$libinit$$00000013)
    __rt_lib_init_lc_ctype_1                 0x080001b3   Thumb Code     0  libinit2.o(.ARM.Collect$$libinit$$00000015)
    __rt_lib_init_lc_monetary_1              0x080001b3   Thumb Code     0  libinit2.o(.ARM.Collect$$libinit$$00000017)
    __rt_lib_init_lc_numeric_2               0x080001b3   Thumb Code     0  libinit2.o(.ARM.Collect$$libinit$$00000018)
    __rt_lib_init_atexit_1                   0x080001bd   Thumb Code     0  libinit2.o(.ARM.Collect$$libinit$$0000001D)
    __rt_lib_init_clock_1                    0x080001bd   Thumb Code     0  libinit2.o(.ARM.Collect$$libinit$$00000023)
    __rt_lib_init_fp_trap_1                  0x080001bd   Thumb Code     0  libinit2.o(.ARM.Collect$$libinit$$00000021)
    __rt_lib_init_getenv_1                   0x080001bd   Thumb Code     0  libinit2.o(.ARM.Collect$$libinit$$00000025)
    __rt_lib_init_lc_numeric_1               0x080001bd   Thumb Code     0  libinit2.o(.ARM.Collect$$libinit$$00000019)
    __rt_lib_init_lc_time_1                  0x080001bd   Thumb Code     0  libinit2.o(.ARM.Collect$$libinit$$0000001B)
    __rt_lib_init_signal_1                   0x080001bd   Thumb Code     0  libinit2.o(.ARM.Collect$$libinit$$0000001F)
    __rt_lib_init_stdio_2                    0x080001bd   Thumb Code     0  libinit2.o(.ARM.Collect$$libinit$$00000026)
    __rt_lib_init_alloca_1                   0x080001c1   Thumb Code     0  libinit2.o(.ARM.Collect$$libinit$$00000030)
    __rt_lib_init_argv_1                     0x080001c1   Thumb Code     0  libinit2.o(.ARM.Collect$$libinit$$0000002E)
    __rt_lib_init_cpp_1                      0x080001c1   Thumb Code     0  libinit2.o(.ARM.Collect$$libinit$$00000034)
    __rt_lib_init_exceptions_1               0x080001c1   Thumb Code     0  libinit2.o(.ARM.Collect$$libinit$$00000032)
    __rt_lib_init_return                     0x080001c1   Thumb Code     0  libinit2.o(.ARM.Collect$$libinit$$00000035)
    __rt_lib_init_stdio_1                    0x080001c1   Thumb Code     0  libinit2.o(.ARM.Collect$$libinit$$00000027)
    __rt_lib_shutdown                        0x080001c3   Thumb Code     0  libshutdown.o(.ARM.Collect$$libshutdown$$00000000)
    __rt_lib_shutdown_cpp_1                  0x080001c5   Thumb Code     0  libshutdown2.o(.ARM.Collect$$libshutdown$$00000002)
    __rt_lib_shutdown_stdio_2                0x080001c5   Thumb Code     0  libshutdown2.o(.ARM.Collect$$libshutdown$$00000003)
    __rt_lib_shutdown_fp_trap_1              0x080001c9   Thumb Code     0  libshutdown2.o(.ARM.Collect$$libshutdown$$00000007)
    __rt_lib_shutdown_heap_1                 0x080001c9   Thumb Code     0  libshutdown2.o(.ARM.Collect$$libshutdown$$0000000F)
    __rt_lib_shutdown_return                 0x080001c9   Thumb Code     0  libshutdown2.o(.ARM.Collect$$libshutdown$$00000010)
    __rt_lib_shutdown_signal_1               0x080001c9   Thumb Code     0  libshutdown2.o(.ARM.Collect$$libshutdown$$0000000A)
    __rt_lib_shutdown_stdio_1                0x080001c9   Thumb Code     0  libshutdown2.o(.ARM.Collect$$libshutdown$$00000004)
    __rt_lib_shutdown_user_alloc_1           0x080001c9   Thumb Code     0  libshutdown2.o(.ARM.Collect$$libshutdown$$0000000C)
    __rt_entry                               0x080001cb   Thumb Code     0  __rtentry.o(.ARM.Collect$$rtentry$$00000000)
    __rt_entry_presh_1                       0x080001cb   Thumb Code     0  __rtentry2.o(.ARM.Collect$$rtentry$$00000002)
    __rt_entry_sh                            0x080001cb   Thumb Code     0  __rtentry4.o(.ARM.Collect$$rtentry$$00000004)
    __rt_entry_li                            0x080001d1   Thumb Code     0  __rtentry2.o(.ARM.Collect$$rtentry$$0000000A)
    __rt_entry_postsh_1                      0x080001d1   Thumb Code     0  __rtentry2.o(.ARM.Collect$$rtentry$$00000009)
    __rt_entry_main                          0x080001d5   Thumb Code     0  __rtentry2.o(.ARM.Collect$$rtentry$$0000000D)
    __rt_entry_postli_1                      0x080001d5   Thumb Code     0  __rtentry2.o(.ARM.Collect$$rtentry$$0000000C)
    __rt_exit                                0x080001dd   Thumb Code     0  rtexit.o(.ARM.Collect$$rtexit$$00000000)
    __rt_exit_ls                             0x080001df   Thumb Code     0  rtexit2.o(.ARM.Collect$$rtexit$$00000003)
    __rt_exit_prels_1                        0x080001df   Thumb Code     0  rtexit2.o(.ARM.Collect$$rtexit$$00000002)
    __rt_exit_exit                           0x080001e3   Thumb Code     0  rtexit2.o(.ARM.Collect$$rtexit$$00000004)
    Reset_Handler                            0x080001e9   Thumb Code     8  startup_stm32f103xb.o(.text)
    ADC1_2_IRQHandler                        0x08000203   Thumb Code     0  startup_stm32f103xb.o(.text)
    CAN1_RX1_IRQHandler                      0x08000203   Thumb Code     0  startup_stm32f103xb.o(.text)
    CAN1_SCE_IRQHandler                      0x08000203   Thumb Code     0  startup_stm32f103xb.o(.text)
    DMA1_Channel1_IRQHandler                 0x08000203   Thumb Code     0  startup_stm32f103xb.o(.text)
    DMA1_Channel2_IRQHandler                 0x08000203   Thumb Code     0  startup_stm32f103xb.o(.text)
    DMA1_Channel3_IRQHandler                 0x08000203   Thumb Code     0  startup_stm32f103xb.o(.text)
    DMA1_Channel4_IRQHandler                 0x08000203   Thumb Code     0  startup_stm32f103xb.o(.text)
    DMA1_Channel5_IRQHandler                 0x08000203   Thumb Code     0  startup_stm32f103xb.o(.text)
    DMA1_Channel6_IRQHandler                 0x08000203   Thumb Code     0  startup_stm32f103xb.o(.text)
    DMA1_Channel7_IRQHandler                 0x08000203   Thumb Code     0  startup_stm32f103xb.o(.text)
    EXTI0_IRQHandler                         0x08000203   Thumb Code     0  startup_stm32f103xb.o(.text)
    EXTI15_10_IRQHandler                     0x08000203   Thumb Code     0  startup_stm32f103xb.o(.text)
    EXTI1_IRQHandler                         0x08000203   Thumb Code     0  startup_stm32f103xb.o(.text)
    EXTI2_IRQHandler                         0x08000203   Thumb Code     0  startup_stm32f103xb.o(.text)
    EXTI3_IRQHandler                         0x08000203   Thumb Code     0  startup_stm32f103xb.o(.text)
    EXTI4_IRQHandler                         0x08000203   Thumb Code     0  startup_stm32f103xb.o(.text)
    EXTI9_5_IRQHandler                       0x08000203   Thumb Code     0  startup_stm32f103xb.o(.text)
    FLASH_IRQHandler                         0x08000203   Thumb Code     0  startup_stm32f103xb.o(.text)
    I2C1_ER_IRQHandler                       0x08000203   Thumb Code     0  startup_stm32f103xb.o(.text)
    I2C1_EV_IRQHandler                       0x08000203   Thumb Code     0  startup_stm32f103xb.o(.text)
    I2C2_ER_IRQHandler                       0x08000203   Thumb Code     0  startup_stm32f103xb.o(.text)
    I2C2_EV_IRQHandler                       0x08000203   Thumb Code     0  startup_stm32f103xb.o(.text)
    PVD_IRQHandler                           0x08000203   Thumb Code     0  startup_stm32f103xb.o(.text)
    RCC_IRQHandler                           0x08000203   Thumb Code     0  startup_stm32f103xb.o(.text)
    RTC_Alarm_IRQHandler                     0x08000203   Thumb Code     0  startup_stm32f103xb.o(.text)
    RTC_IRQHandler                           0x08000203   Thumb Code     0  startup_stm32f103xb.o(.text)
    SPI1_IRQHandler                          0x08000203   Thumb Code     0  startup_stm32f103xb.o(.text)
    SPI2_IRQHandler                          0x08000203   Thumb Code     0  startup_stm32f103xb.o(.text)
    TAMPER_IRQHandler                        0x08000203   Thumb Code     0  startup_stm32f103xb.o(.text)
    TIM1_BRK_IRQHandler                      0x08000203   Thumb Code     0  startup_stm32f103xb.o(.text)
    TIM1_CC_IRQHandler                       0x08000203   Thumb Code     0  startup_stm32f103xb.o(.text)
    TIM1_TRG_COM_IRQHandler                  0x08000203   Thumb Code     0  startup_stm32f103xb.o(.text)
    TIM1_UP_IRQHandler                       0x08000203   Thumb Code     0  startup_stm32f103xb.o(.text)
    TIM2_IRQHandler                          0x08000203   Thumb Code     0  startup_stm32f103xb.o(.text)
    TIM3_IRQHandler                          0x08000203   Thumb Code     0  startup_stm32f103xb.o(.text)
    TIM4_IRQHandler                          0x08000203   Thumb Code     0  startup_stm32f103xb.o(.text)
    USART1_IRQHandler                        0x08000203   Thumb Code     0  startup_stm32f103xb.o(.text)
    USART2_IRQHandler                        0x08000203   Thumb Code     0  startup_stm32f103xb.o(.text)
    USART3_IRQHandler                        0x08000203   Thumb Code     0  startup_stm32f103xb.o(.text)
    USBWakeUp_IRQHandler                     0x08000203   Thumb Code     0  startup_stm32f103xb.o(.text)
    USB_HP_CAN1_TX_IRQHandler                0x08000203   Thumb Code     0  startup_stm32f103xb.o(.text)
    USB_LP_CAN1_RX0_IRQHandler               0x08000203   Thumb Code     0  startup_stm32f103xb.o(.text)
    WWDG_IRQHandler                          0x08000203   Thumb Code     0  startup_stm32f103xb.o(.text)
    __user_initial_stackheap                 0x08000205   Thumb Code     0  startup_stm32f103xb.o(.text)
    __aeabi_ldivmod                          0x08000229   Thumb Code     0  llsdiv.o(.text)
    _ll_sdiv                                 0x08000229   Thumb Code   116  llsdiv.o(.text)
    __2printf                                0x0800029d   Thumb Code    20  noretval__2printf.o(.text)
    _printf_pre_padding                      0x080002b5   Thumb Code    44  _printf_pad.o(.text)
    _printf_post_padding                     0x080002e1   Thumb Code    34  _printf_pad.o(.text)
    _printf_int_dec                          0x08000305   Thumb Code   104  _printf_dec.o(.text)
    _printf_int_hex                          0x0800037d   Thumb Code    84  _printf_hex_int.o(.text)
    _printf_longlong_hex                     0x0800037d   Thumb Code     0  _printf_hex_int.o(.text)
    __printf                                 0x080003d5   Thumb Code   308  __printf_flags_wp.o(.text)
    memcmp                                   0x0800050d   Thumb Code    88  memcmp.o(.text)
    __use_two_region_memory                  0x08000565   Thumb Code     2  heapauxi.o(.text)
    __rt_heap_escrow                         0x08000567   Thumb Code     2  heapauxi.o(.text)
    __rt_heap_expand                         0x08000569   Thumb Code     2  heapauxi.o(.text)
    __aeabi_uldivmod                         0x0800056b   Thumb Code     0  lludivv7m.o(.text)
    _ll_udiv                                 0x0800056b   Thumb Code   240  lludivv7m.o(.text)
    __read_errno                             0x0800065b   Thumb Code    10  _rserrno.o(.text)
    __set_errno                              0x08000665   Thumb Code    12  _rserrno.o(.text)
    _printf_int_common                       0x08000671   Thumb Code   178  _printf_intcommon.o(.text)
    _printf_fp_dec_real                      0x080008d3   Thumb Code   620  _printf_fp_dec.o(.text)
    _printf_char_file                        0x08000b41   Thumb Code    32  _printf_char_file.o(.text)
    __rt_locale                              0x08000b65   Thumb Code     8  rt_locale_intlibspace.o(.text)
    __aeabi_errno_addr                       0x08000b6d   Thumb Code     8  rt_errno_addr_intlibspace.o(.text)
    __errno$intlibspace                      0x08000b6d   Thumb Code     0  rt_errno_addr_intlibspace.o(.text)
    __rt_errno_addr$intlibspace              0x08000b6d   Thumb Code     0  rt_errno_addr_intlibspace.o(.text)
    _ll_udiv10                               0x08000b75   Thumb Code   138  lludiv10.o(.text)
    _printf_char_common                      0x08000c0b   Thumb Code    32  _printf_char_common.o(.text)
    _printf_fp_infnan                        0x08000c31   Thumb Code   112  _printf_fp_infnan.o(.text)
    _btod_etento                             0x08000cb1   Thumb Code   224  bigflt0.o(.text)
    ferror                                   0x08000d95   Thumb Code     8  ferror.o(.text)
    _initio                                  0x08000d9d   Thumb Code   210  initio.o(.text)
    _terminateio                             0x08000e6f   Thumb Code    56  initio.o(.text)
    __user_libspace                          0x08000ed5   Thumb Code     8  libspace.o(.text)
    __user_perproc_libspace                  0x08000ed5   Thumb Code     0  libspace.o(.text)
    __user_perthread_libspace                0x08000ed5   Thumb Code     0  libspace.o(.text)
    __user_setup_stackheap                   0x08000edd   Thumb Code    74  sys_stackheap_outer.o(.text)
    free                                     0x08000f27   Thumb Code    78  h1_free.o(.text)
    __flsbuf                                 0x08000f75   Thumb Code   482  flsbuf.o(.text)
    __flsbuf_byte                            0x08000f75   Thumb Code     0  flsbuf.o(.text)
    __flsbuf_wide                            0x08000f75   Thumb Code     0  flsbuf.o(.text)
    setvbuf                                  0x08001157   Thumb Code    70  setvbuf.o(.text)
    freopen                                  0x0800119d   Thumb Code   160  fopen.o(.text)
    fopen                                    0x0800123d   Thumb Code    74  fopen.o(.text)
    _fclose_internal                         0x0800128d   Thumb Code    76  fclose.o(.text)
    fclose                                   0x0800128d   Thumb Code     0  fclose.o(.text)
    exit                                     0x080012d9   Thumb Code    18  exit.o(.text)
    __rt_SIGRTRED                            0x080012eb   Thumb Code    14  defsig_rtred_outer.o(.text)
    __aeabi_memclr4                          0x080012f9   Thumb Code     0  rt_memclr_w.o(.text)
    __aeabi_memclr8                          0x080012f9   Thumb Code     0  rt_memclr_w.o(.text)
    __rt_memclr_w                            0x080012f9   Thumb Code     0  rt_memclr_w.o(.text)
    _memset_w                                0x080012fd   Thumb Code    74  rt_memclr_w.o(.text)
    strcmp                                   0x08001349   Thumb Code   128  strcmpv7m.o(.text)
    _sys_open                                0x080013c9   Thumb Code    20  sys_io.o(.text)
    _sys_close                               0x080013dd   Thumb Code    12  sys_io.o(.text)
    _sys_write                               0x080013e9   Thumb Code    16  sys_io.o(.text)
    _sys_read                                0x080013f9   Thumb Code    14  sys_io.o(.text)
    _sys_istty                               0x08001407   Thumb Code    12  sys_io.o(.text)
    _sys_seek                                0x08001413   Thumb Code    14  sys_io.o(.text)
    _sys_ensure                              0x08001421   Thumb Code     2  sys_io.o(.text)
    _sys_flen                                0x08001423   Thumb Code    12  sys_io.o(.text)
    __rt_heap_descriptor                     0x08001431   Thumb Code     8  rt_heap_descriptor_intlibspace.o(.text)
    __use_no_heap                            0x08001439   Thumb Code     2  hguard.o(.text)
    __heap$guard                             0x0800143b   Thumb Code     2  hguard.o(.text)
    _terminate_user_alloc                    0x0800143d   Thumb Code     2  init_alloc.o(.text)
    _init_user_alloc                         0x0800143f   Thumb Code     2  init_alloc.o(.text)
    __Heap_Full                              0x08001441   Thumb Code    34  init_alloc.o(.text)
    __Heap_Broken                            0x08001463   Thumb Code     6  init_alloc.o(.text)
    _init_alloc                              0x08001469   Thumb Code    94  init_alloc.o(.text)
    malloc                                   0x080014c7   Thumb Code    94  h1_alloc.o(.text)
    _fseek                                   0x08001525   Thumb Code   242  fseek.o(.text)
    fseek                                    0x08001525   Thumb Code     0  fseek.o(.text)
    _seterr                                  0x0800161d   Thumb Code    20  stdio.o(.text)
    _writebuf                                0x08001631   Thumb Code   108  stdio.o(.text)
    _fflush                                  0x0800169d   Thumb Code    70  stdio.o(.text)
    _deferredlazyseek                        0x080016e3   Thumb Code    60  stdio.o(.text)
    __sig_exit                               0x08001725   Thumb Code    10  defsig_exit.o(.text)
    __rt_SIGRTRED_inner                      0x08001731   Thumb Code    14  defsig_rtred_inner.o(.text)
    _sys_exit                                0x08001765   Thumb Code     8  sys_exit.o(.text)
    __I$use$semihosting                      0x08001771   Thumb Code     0  use_no_semi.o(.text)
    __use_no_semihosting_swi                 0x08001771   Thumb Code     2  use_no_semi.o(.text)
    __Heap_Initialize                        0x08001773   Thumb Code     8  h1_init.o(.text)
    __semihosting_library_function           0x08001773   Thumb Code     0  indicate_semi.o(.text)
    _maybe_terminate_alloc                   0x08001773   Thumb Code     0  maybetermalloc1.o(.text)
    __Heap_DescSize                          0x0800177b   Thumb Code     4  h1_init.o(.text)
    __Heap_ProvideMemory                     0x0800177f   Thumb Code    52  h1_extend.o(.text)
    _ftell_internal                          0x080017b3   Thumb Code    66  ftell.o(.text)
    ftell                                    0x080017b3   Thumb Code     0  ftell.o(.text)
    __default_signal_display                 0x080017f5   Thumb Code    50  defsig_general.o(.text)
    __rt_SIGRTMEM                            0x08001827   Thumb Code    14  defsig_rtmem_outer.o(.text)
    strlen                                   0x08001835   Thumb Code    62  strlen.o(.text)
    _ttywrch                                 0x08001873   Thumb Code    14  sys_wrch.o(.text)
    __rt_SIGRTMEM_inner                      0x08001881   Thumb Code    22  defsig_rtmem_inner.o(.text)
    BusFault_Handler                         0x080018d1   Thumb Code     2  stm32f1xx_it.o(.text.BusFault_Handler)
    DebugMon_Handler                         0x080018d5   Thumb Code     2  stm32f1xx_it.o(.text.DebugMon_Handler)
    Error_Handler                            0x080018d9   Thumb Code    10  main.o(.text.Error_Handler)
    HAL_Delay                                0x080018e5   Thumb Code    40  stm32f1xx_hal.o(.text.HAL_Delay)
    HAL_GPIO_Init                            0x0800190d   Thumb Code   526  stm32f1xx_hal_gpio.o(.text.HAL_GPIO_Init)
    HAL_GPIO_WritePin                        0x08001b1d   Thumb Code    10  stm32f1xx_hal_gpio.o(.text.HAL_GPIO_WritePin)
    HAL_GetTick                              0x08001b29   Thumb Code    12  stm32f1xx_hal.o(.text.HAL_GetTick)
    HAL_I2C_Init                             0x08001b35   Thumb Code   356  stm32f1xx_hal_i2c.o(.text.HAL_I2C_Init)
    HAL_I2C_Mem_Read                         0x08001c99   Thumb Code   858  stm32f1xx_hal_i2c.o(.text.HAL_I2C_Mem_Read)
    HAL_I2C_Mem_Write                        0x08001ff5   Thumb Code   348  stm32f1xx_hal_i2c.o(.text.HAL_I2C_Mem_Write)
    HAL_I2C_MspInit                          0x08002151   Thumb Code    98  i2c.o(.text.HAL_I2C_MspInit)
    HAL_IncTick                              0x080021b5   Thumb Code    26  stm32f1xx_hal.o(.text.HAL_IncTick)
    HAL_Init                                 0x080021d1   Thumb Code    38  stm32f1xx_hal.o(.text.HAL_Init)
    HAL_InitTick                             0x080021f9   Thumb Code    72  stm32f1xx_hal.o(.text.HAL_InitTick)
    HAL_MspInit                              0x08002241   Thumb Code    66  stm32f1xx_hal_msp.o(.text.HAL_MspInit)
    HAL_NVIC_SetPriority                     0x08002285   Thumb Code    86  stm32f1xx_hal_cortex.o(.text.HAL_NVIC_SetPriority)
    HAL_NVIC_SetPriorityGrouping             0x080022dd   Thumb Code    32  stm32f1xx_hal_cortex.o(.text.HAL_NVIC_SetPriorityGrouping)
    HAL_RCC_ClockConfig                      0x080022fd   Thumb Code   450  stm32f1xx_hal_rcc.o(.text.HAL_RCC_ClockConfig)
    HAL_RCC_GetPCLK1Freq                     0x080024c1   Thumb Code    38  stm32f1xx_hal_rcc.o(.text.HAL_RCC_GetPCLK1Freq)
    HAL_RCC_GetPCLK2Freq                     0x080024e9   Thumb Code    38  stm32f1xx_hal_rcc.o(.text.HAL_RCC_GetPCLK2Freq)
    HAL_RCC_OscConfig                        0x08002511   Thumb Code  1024  stm32f1xx_hal_rcc.o(.text.HAL_RCC_OscConfig)
    HAL_SYSTICK_Config                       0x08002911   Thumb Code    44  stm32f1xx_hal_cortex.o(.text.HAL_SYSTICK_Config)
    HAL_UART_Init                            0x0800293d   Thumb Code   226  stm32f1xx_hal_uart.o(.text.HAL_UART_Init)
    HAL_UART_MspInit                         0x08002a21   Thumb Code   122  usart.o(.text.HAL_UART_MspInit)
    HardFault_Handler                        0x08002a9d   Thumb Code     2  stm32f1xx_it.o(.text.HardFault_Handler)
    MPU6050_DMP_Get_Date                     0x08003129   Thumb Code   476  my_mpu6050.o(.text.MPU6050_DMP_Get_Date)
    MPU6050_DMP_init                         0x08003305   Thumb Code   174  my_mpu6050.o(.text.MPU6050_DMP_init)
    MX_GPIO_Init                             0x080033b5   Thumb Code   134  gpio.o(.text.MX_GPIO_Init)
    MX_I2C1_Init                             0x0800343d   Thumb Code    66  i2c.o(.text.MX_I2C1_Init)
    MX_USART1_UART_Init                      0x08003481   Thumb Code    60  usart.o(.text.MX_USART1_UART_Init)
    MemManage_Handler                        0x080034bd   Thumb Code     2  stm32f1xx_it.o(.text.MemManage_Handler)
    NMI_Handler                              0x080034c1   Thumb Code     2  stm32f1xx_it.o(.text.NMI_Handler)
    PendSV_Handler                           0x080034c5   Thumb Code     2  stm32f1xx_it.o(.text.PendSV_Handler)
    SVC_Handler                              0x080034c9   Thumb Code     2  stm32f1xx_it.o(.text.SVC_Handler)
    SysTick_Handler                          0x080034cd   Thumb Code     4  stm32f1xx_it.o(.text.SysTick_Handler)
    SystemInit                               0x080034d1   Thumb Code     2  system_stm32f1xx.o(.text.SystemInit)
    UsageFault_Handler                       0x080034d5   Thumb Code     2  stm32f1xx_it.o(.text.UsageFault_Handler)
    dmp_enable_feature                       0x080034d9   Thumb Code   672  inv_mpu_dmp_motion_driver.o(.text.dmp_enable_feature)
    dmp_load_motion_driver_firmware          0x08003779   Thumb Code    22  inv_mpu_dmp_motion_driver.o(.text.dmp_load_motion_driver_firmware)
    dmp_read_fifo                            0x08003791   Thumb Code   460  inv_mpu_dmp_motion_driver.o(.text.dmp_read_fifo)
    dmp_set_accel_bias                       0x0800395d   Thumb Code   194  inv_mpu_dmp_motion_driver.o(.text.dmp_set_accel_bias)
    dmp_set_fifo_rate                        0x08003a21   Thumb Code   112  inv_mpu_dmp_motion_driver.o(.text.dmp_set_fifo_rate)
    dmp_set_gyro_bias                        0x08003a91   Thumb Code   224  inv_mpu_dmp_motion_driver.o(.text.dmp_set_gyro_bias)
    dmp_set_orientation                      0x08003b71   Thumb Code   232  inv_mpu_dmp_motion_driver.o(.text.dmp_set_orientation)
    dmp_set_tap_thresh                       0x08003c59   Thumb Code   298  inv_mpu_dmp_motion_driver.o(.text.dmp_set_tap_thresh)
    main                                     0x080041b9   Thumb Code   244  main.o(.text.main)
    mpu_configure_fifo                       0x080042ed   Thumb Code   198  inv_mpu.o(.text.mpu_configure_fifo)
    mpu_get_accel_fsr                        0x080043b5   Thumb Code    54  inv_mpu.o(.text.mpu_get_accel_fsr)
    mpu_get_accel_sens                       0x080043ed   Thumb Code    48  inv_mpu.o(.text.mpu_get_accel_sens)
    mpu_get_gyro_sens                        0x0800442d   Thumb Code    78  inv_mpu.o(.text.mpu_get_gyro_sens)
    mpu_init                                 0x0800447d   Thumb Code   392  inv_mpu.o(.text.mpu_init)
    mpu_load_firmware                        0x08004605   Thumb Code   446  inv_mpu.o(.text.mpu_load_firmware)
    mpu_lp_accel_mode                        0x080047c5   Thumb Code   654  inv_mpu.o(.text.mpu_lp_accel_mode)
    mpu_read_fifo_stream                     0x08004a55   Thumb Code   242  inv_mpu.o(.text.mpu_read_fifo_stream)
    mpu_reset_fifo                           0x08004b49   Thumb Code   508  inv_mpu.o(.text.mpu_reset_fifo)
    mpu_run_self_test                        0x08004d45   Thumb Code  2408  inv_mpu.o(.text.mpu_run_self_test)
    mpu_set_bypass                           0x080056cd   Thumb Code   302  inv_mpu.o(.text.mpu_set_bypass)
    mpu_set_dmp_state                        0x080057fd   Thumb Code   312  inv_mpu.o(.text.mpu_set_dmp_state)
    mpu_set_lpf                              0x08005935   Thumb Code   176  inv_mpu.o(.text.mpu_set_lpf)
    mpu_set_sample_rate                      0x080059e5   Thumb Code   248  inv_mpu.o(.text.mpu_set_sample_rate)
    mpu_set_sensors                          0x08005add   Thumb Code   294  inv_mpu.o(.text.mpu_set_sensors)
    mpu_write_mem                            0x08005c05   Thumb Code   132  inv_mpu.o(.text.mpu_write_mem)
    _btod_d2e                                0x08005d19   Thumb Code    62  btod.o(CL$$btod_d2e)
    _d2e_denorm_low                          0x08005d57   Thumb Code    70  btod.o(CL$$btod_d2e_denorm_low)
    _d2e_norm_op1                            0x08005d9d   Thumb Code    96  btod.o(CL$$btod_d2e_norm_op1)
    __btod_div_common                        0x08005dfd   Thumb Code   696  btod.o(CL$$btod_div_common)
    _e2e                                     0x08006135   Thumb Code   220  btod.o(CL$$btod_e2e)
    _btod_ediv                               0x08006211   Thumb Code    42  btod.o(CL$$btod_ediv)
    _btod_emul                               0x0800623b   Thumb Code    42  btod.o(CL$$btod_emul)
    __btod_mult_common                       0x08006265   Thumb Code   580  btod.o(CL$$btod_mult_common)
    __ARM_fpclassify                         0x080064a9   Thumb Code    40  fpclassify.o(i.__ARM_fpclassify)
    __kernel_poly                            0x080064d1   Thumb Code   170  poly.o(i.__kernel_poly)
    __mathlib_dbl_infnan                     0x0800657b   Thumb Code     6  dunder.o(i.__mathlib_dbl_infnan)
    __mathlib_dbl_infnan2                    0x08006581   Thumb Code     4  dunder.o(i.__mathlib_dbl_infnan2)
    __mathlib_dbl_invalid                    0x08006585   Thumb Code    12  dunder.o(i.__mathlib_dbl_invalid)
    __mathlib_dbl_underflow                  0x08006591   Thumb Code    10  dunder.o(i.__mathlib_dbl_underflow)
    _is_digit                                0x080065a1   Thumb Code    14  __printf_wp.o(i._is_digit)
    asin                                     0x080065b1   Thumb Code   572  asin.o(i.asin)
    atan                                     0x08006821   Thumb Code   474  atan.o(i.atan)
    atan2                                    0x08006a41   Thumb Code   374  atan2.o(i.atan2)
    fputc                                    0x08006bdd   Thumb Code    28  fputc.o(i.fputc)
    sqrt                                     0x08006bf9   Thumb Code    76  sqrt.o(i.sqrt)
    _get_lc_numeric                          0x08006c45   Thumb Code    44  lc_numeric_c.o(locale$$code)
    __aeabi_d2f                              0x08006c71   Thumb Code     0  d2f.o(x$fpl$d2f)
    _d2f                                     0x08006c71   Thumb Code    98  d2f.o(x$fpl$d2f)
    __aeabi_dadd                             0x08006cd5   Thumb Code     0  daddsub_clz.o(x$fpl$dadd)
    _dadd                                    0x08006cd5   Thumb Code   332  daddsub_clz.o(x$fpl$dadd)
    __fpl_dcheck_NaN1                        0x08006e25   Thumb Code    10  dcheck1.o(x$fpl$dcheck1)
    __fpl_dcmp_Inf                           0x08006e35   Thumb Code    24  dcmpi.o(x$fpl$dcmpinf)
    __aeabi_ddiv                             0x08006e4d   Thumb Code     0  ddiv.o(x$fpl$ddiv)
    _ddiv                                    0x08006e4d   Thumb Code   556  ddiv.o(x$fpl$ddiv)
    __aeabi_cdcmpeq                          0x08007101   Thumb Code     0  deqf.o(x$fpl$deqf)
    _dcmpeq                                  0x08007101   Thumb Code   120  deqf.o(x$fpl$deqf)
    __aeabi_dmul                             0x08007179   Thumb Code     0  dmul.o(x$fpl$dmul)
    _dmul                                    0x08007179   Thumb Code   332  dmul.o(x$fpl$dmul)
    __fpl_dnaninf                            0x080072cd   Thumb Code   156  dnaninf.o(x$fpl$dnaninf)
    __fpl_dretinf                            0x08007369   Thumb Code    12  dretinf.o(x$fpl$dretinf)
    __aeabi_drsub                            0x08007375   Thumb Code     0  daddsub_clz.o(x$fpl$drsb)
    _drsb                                    0x08007375   Thumb Code    22  daddsub_clz.o(x$fpl$drsb)
    _dsqrt                                   0x0800738d   Thumb Code   456  dsqrt_noumaal.o(x$fpl$dsqrt)
    __aeabi_dsub                             0x08007559   Thumb Code     0  daddsub_clz.o(x$fpl$dsub)
    _dsub                                    0x08007559   Thumb Code   472  daddsub_clz.o(x$fpl$dsub)
    __aeabi_f2d                              0x08007735   Thumb Code     0  f2d.o(x$fpl$f2d)
    _f2d                                     0x08007735   Thumb Code    86  f2d.o(x$fpl$f2d)
    __aeabi_fadd                             0x0800778d   Thumb Code     0  faddsub_clz.o(x$fpl$fadd)
    _fadd                                    0x0800778d   Thumb Code   196  faddsub_clz.o(x$fpl$fadd)
    __aeabi_fcmpeq                           0x08007851   Thumb Code     0  fcmp.o(x$fpl$fcmp)
    _feq                                     0x08007851   Thumb Code    14  fcmp.o(x$fpl$fcmp)
    _fneq                                    0x0800785f   Thumb Code    14  fcmp.o(x$fpl$fcmp)
    __aeabi_fcmpgt                           0x0800786d   Thumb Code     0  fcmp.o(x$fpl$fcmp)
    _fgr                                     0x0800786d   Thumb Code    14  fcmp.o(x$fpl$fcmp)
    __aeabi_fcmpge                           0x0800787b   Thumb Code     0  fcmp.o(x$fpl$fcmp)
    _fgeq                                    0x0800787b   Thumb Code    14  fcmp.o(x$fpl$fcmp)
    __aeabi_fcmple                           0x08007889   Thumb Code     0  fcmp.o(x$fpl$fcmp)
    _fleq                                    0x08007889   Thumb Code    14  fcmp.o(x$fpl$fcmp)
    __aeabi_fcmplt                           0x08007897   Thumb Code     0  fcmp.o(x$fpl$fcmp)
    _fls                                     0x08007897   Thumb Code    14  fcmp.o(x$fpl$fcmp)
    __fpl_fcmp_Inf                           0x080078a5   Thumb Code    24  fcmpi.o(x$fpl$fcmpinf)
    __aeabi_fdiv                             0x080078bd   Thumb Code     0  fdiv.o(x$fpl$fdiv)
    _fdiv                                    0x080078bd   Thumb Code   384  fdiv.o(x$fpl$fdiv)
    __aeabi_cfcmpeq                          0x08007a41   Thumb Code     0  feqf.o(x$fpl$feqf)
    _fcmpeq                                  0x08007a41   Thumb Code   104  feqf.o(x$fpl$feqf)
    __aeabi_f2iz                             0x08007aa9   Thumb Code     0  ffix.o(x$fpl$ffix)
    _ffix                                    0x08007aa9   Thumb Code    54  ffix.o(x$fpl$ffix)
    __aeabi_i2f                              0x08007ae1   Thumb Code     0  fflt_clz.o(x$fpl$fflt)
    _fflt                                    0x08007ae1   Thumb Code    48  fflt_clz.o(x$fpl$fflt)
    __aeabi_ui2f                             0x08007b11   Thumb Code     0  fflt_clz.o(x$fpl$ffltu)
    _ffltu                                   0x08007b11   Thumb Code    38  fflt_clz.o(x$fpl$ffltu)
    _fcmpge                                  0x08007b39   Thumb Code   104  fgeqf.o(x$fpl$fgeqf)
    __aeabi_cfcmple                          0x08007ba1   Thumb Code     0  fleqf.o(x$fpl$fleqf)
    _fcmple                                  0x08007ba1   Thumb Code   104  fleqf.o(x$fpl$fleqf)
    __fpl_fcmple_InfNaN                      0x08007bf3   Thumb Code     0  fleqf.o(x$fpl$fleqf)
    __aeabi_fmul                             0x08007c09   Thumb Code     0  fmul.o(x$fpl$fmul)
    _fmul                                    0x08007c09   Thumb Code   258  fmul.o(x$fpl$fmul)
    __fpl_fnaninf                            0x08007d0b   Thumb Code   140  fnaninf.o(x$fpl$fnaninf)
    __fpl_fretinf                            0x08007d97   Thumb Code    10  fretinf.o(x$fpl$fretinf)
    __aeabi_fsub                             0x08007da1   Thumb Code     0  faddsub_clz.o(x$fpl$fsub)
    _fsub                                    0x08007da1   Thumb Code   234  faddsub_clz.o(x$fpl$fsub)
    _printf_fp_dec                           0x08007e8b   Thumb Code     4  printf1.o(x$fpl$printf1)
    __fpl_return_NaN                         0x08007e8f   Thumb Code   100  retnan.o(x$fpl$retnan)
    __ARM_scalbn                             0x08007ef3   Thumb Code    92  scalbn.o(x$fpl$scalbn)
    __fpl_cmpreturn                          0x08007f4f   Thumb Code    48  trapv.o(x$fpl$trapveneer)
    __I$use$fp                               0x08007f7e   Number         0  usenofp.o(x$fpl$usenofp)
    __mathlib_zero                           0x080080a0   Data           8  qnan.o(.constdata)
    __stdin_name                             0x0800813c   Data           4  sys_io_names.o(.constdata)
    __stdout_name                            0x08008140   Data           4  sys_io_names.o(.constdata)
    __stderr_name                            0x08008144   Data           4  sys_io_names.o(.constdata)
    AHBPrescTable                            0x0800814e   Data          16  system_stm32f1xx.o(.rodata.AHBPrescTable)
    APBPrescTable                            0x0800815e   Data           8  system_stm32f1xx.o(.rodata.APBPrescTable)
    hw                                       0x08008d76   Data          12  inv_mpu.o(.rodata.hw)
    reg                                      0x08008d82   Data          30  inv_mpu.o(.rodata.reg)
    test                                     0x08008da0   Data          40  inv_mpu.o(.rodata.test)
    Region$$Table$$Base                      0x08008dc8   Number         0  anon$$obj.o(Region$$Table)
    Region$$Table$$Limit                     0x08008de8   Number         0  anon$$obj.o(Region$$Table)
    __aeabi_stdin                            0x20000000   Data           4  stdio_streams.o(.data)
    __aeabi_stdout                           0x20000004   Data           4  stdio_streams.o(.data)
    __aeabi_stderr                           0x20000008   Data           4  stdio_streams.o(.data)
    uwTickFreq                               0x2000000c   Data           1  stm32f1xx_hal.o(.data..L_MergedGlobals)
    uwTickPrio                               0x20000010   Data           4  stm32f1xx_hal.o(.data..L_MergedGlobals)
    SystemCoreClock                          0x20000014   Data           4  system_stm32f1xx.o(.data.SystemCoreClock)
    __stdin                                  0x20000048   Data          84  stdio_streams.o(.bss)
    __stdout                                 0x2000009c   Data          84  stdio_streams.o(.bss)
    __stderr                                 0x200000f0   Data          84  stdio_streams.o(.bss)
    __libspace_start                         0x20000144   Data          96  libspace.o(.bss)
    __temporary_stack_top$libspace           0x200001a4   Data           0  libspace.o(.bss)
    ret                                      0x200001a4   Data           4  main.o(.bss..L_MergedGlobals)
    pitch                                    0x200001a8   Data           4  main.o(.bss..L_MergedGlobals)
    roll                                     0x200001ac   Data           4  main.o(.bss..L_MergedGlobals)
    yaw                                      0x200001b0   Data           4  main.o(.bss..L_MergedGlobals)
    hi2c1                                    0x200001cc   Data          84  i2c.o(.bss.hi2c1)
    huart1                                   0x20000220   Data          72  usart.o(.bss.huart1)
    uwTick                                   0x20000268   Data           4  stm32f1xx_hal.o(.bss.uwTick)



==============================================================================

Memory Map of the image

  Image Entry point : 0x080000ed

  Load Region LR_IROM1 (Base: 0x08000000, Size: 0x00008e50, Max: 0x00010000, ABSOLUTE)

    Execution Region ER_IROM1 (Exec base: 0x08000000, Load base: 0x08000000, Size: 0x00008e04, Max: 0x00010000, ABSOLUTE)

    Exec Addr    Load Addr    Size         Type   Attr      Idx    E Section Name        Object

    0x08000000   0x08000000   0x000000ec   Data   RO            3    RESET               startup_stm32f103xb.o
    0x080000ec   0x080000ec   0x00000008   Code   RO          981  * !!!main             c_w.l(__main.o)
    0x080000f4   0x080000f4   0x0000005c   Code   RO         1515    !!!scatter          c_w.l(__scatter.o)
    0x08000150   0x08000150   0x0000001a   Code   RO         1519    !!handler_copy      c_w.l(__scatter_copy.o)
    0x0800016a   0x0800016a   0x00000002   PAD
    0x0800016c   0x0800016c   0x00000002   Code   RO         1516    !!handler_null      c_w.l(__scatter.o)
    0x0800016e   0x0800016e   0x00000002   PAD
    0x08000170   0x08000170   0x0000001c   Code   RO         1521    !!handler_zi        c_w.l(__scatter_zi.o)
    0x0800018c   0x0800018c   0x00000000   Code   RO          976    .ARM.Collect$$_printf_percent$$00000000  c_w.l(_printf_percent.o)
    0x0800018c   0x0800018c   0x00000006   Code   RO          975    .ARM.Collect$$_printf_percent$$00000003  c_w.l(_printf_f.o)
    0x08000192   0x08000192   0x00000006   Code   RO          974    .ARM.Collect$$_printf_percent$$00000009  c_w.l(_printf_d.o)
    0x08000198   0x08000198   0x00000006   Code   RO          973    .ARM.Collect$$_printf_percent$$0000000C  c_w.l(_printf_x.o)
    0x0800019e   0x0800019e   0x00000004   Code   RO         1041    .ARM.Collect$$_printf_percent$$00000017  c_w.l(_printf_percent_end.o)
    0x080001a2   0x080001a2   0x00000002   Code   RO         1294    .ARM.Collect$$libinit$$00000000  c_w.l(libinit.o)
    0x080001a4   0x080001a4   0x00000000   Code   RO         1296    .ARM.Collect$$libinit$$00000002  c_w.l(libinit2.o)
    0x080001a4   0x080001a4   0x00000000   Code   RO         1298    .ARM.Collect$$libinit$$00000004  c_w.l(libinit2.o)
    0x080001a4   0x080001a4   0x00000000   Code   RO         1300    .ARM.Collect$$libinit$$00000006  c_w.l(libinit2.o)
    0x080001a4   0x080001a4   0x00000008   Code   RO         1301    .ARM.Collect$$libinit$$00000007  c_w.l(libinit2.o)
    0x080001ac   0x080001ac   0x00000000   Code   RO         1303    .ARM.Collect$$libinit$$0000000C  c_w.l(libinit2.o)
    0x080001ac   0x080001ac   0x00000000   Code   RO         1305    .ARM.Collect$$libinit$$0000000E  c_w.l(libinit2.o)
    0x080001ac   0x080001ac   0x00000000   Code   RO         1307    .ARM.Collect$$libinit$$00000010  c_w.l(libinit2.o)
    0x080001ac   0x080001ac   0x00000006   Code   RO         1308    .ARM.Collect$$libinit$$00000011  c_w.l(libinit2.o)
    0x080001b2   0x080001b2   0x00000000   Code   RO         1310    .ARM.Collect$$libinit$$00000013  c_w.l(libinit2.o)
    0x080001b2   0x080001b2   0x00000000   Code   RO         1312    .ARM.Collect$$libinit$$00000015  c_w.l(libinit2.o)
    0x080001b2   0x080001b2   0x00000000   Code   RO         1314    .ARM.Collect$$libinit$$00000017  c_w.l(libinit2.o)
    0x080001b2   0x080001b2   0x0000000a   Code   RO         1315    .ARM.Collect$$libinit$$00000018  c_w.l(libinit2.o)
    0x080001bc   0x080001bc   0x00000000   Code   RO         1316    .ARM.Collect$$libinit$$00000019  c_w.l(libinit2.o)
    0x080001bc   0x080001bc   0x00000000   Code   RO         1318    .ARM.Collect$$libinit$$0000001B  c_w.l(libinit2.o)
    0x080001bc   0x080001bc   0x00000000   Code   RO         1320    .ARM.Collect$$libinit$$0000001D  c_w.l(libinit2.o)
    0x080001bc   0x080001bc   0x00000000   Code   RO         1322    .ARM.Collect$$libinit$$0000001F  c_w.l(libinit2.o)
    0x080001bc   0x080001bc   0x00000000   Code   RO         1324    .ARM.Collect$$libinit$$00000021  c_w.l(libinit2.o)
    0x080001bc   0x080001bc   0x00000000   Code   RO         1326    .ARM.Collect$$libinit$$00000023  c_w.l(libinit2.o)
    0x080001bc   0x080001bc   0x00000000   Code   RO         1328    .ARM.Collect$$libinit$$00000025  c_w.l(libinit2.o)
    0x080001bc   0x080001bc   0x00000004   Code   RO         1329    .ARM.Collect$$libinit$$00000026  c_w.l(libinit2.o)
    0x080001c0   0x080001c0   0x00000000   Code   RO         1330    .ARM.Collect$$libinit$$00000027  c_w.l(libinit2.o)
    0x080001c0   0x080001c0   0x00000000   Code   RO         1334    .ARM.Collect$$libinit$$0000002E  c_w.l(libinit2.o)
    0x080001c0   0x080001c0   0x00000000   Code   RO         1336    .ARM.Collect$$libinit$$00000030  c_w.l(libinit2.o)
    0x080001c0   0x080001c0   0x00000000   Code   RO         1338    .ARM.Collect$$libinit$$00000032  c_w.l(libinit2.o)
    0x080001c0   0x080001c0   0x00000000   Code   RO         1340    .ARM.Collect$$libinit$$00000034  c_w.l(libinit2.o)
    0x080001c0   0x080001c0   0x00000002   Code   RO         1341    .ARM.Collect$$libinit$$00000035  c_w.l(libinit2.o)
    0x080001c2   0x080001c2   0x00000002   Code   RO         1496    .ARM.Collect$$libshutdown$$00000000  c_w.l(libshutdown.o)
    0x080001c4   0x080001c4   0x00000000   Code   RO         1343    .ARM.Collect$$libshutdown$$00000002  c_w.l(libshutdown2.o)
    0x080001c4   0x080001c4   0x00000004   Code   RO         1344    .ARM.Collect$$libshutdown$$00000003  c_w.l(libshutdown2.o)
    0x080001c8   0x080001c8   0x00000000   Code   RO         1345    .ARM.Collect$$libshutdown$$00000004  c_w.l(libshutdown2.o)
    0x080001c8   0x080001c8   0x00000000   Code   RO         1348    .ARM.Collect$$libshutdown$$00000007  c_w.l(libshutdown2.o)
    0x080001c8   0x080001c8   0x00000000   Code   RO         1351    .ARM.Collect$$libshutdown$$0000000A  c_w.l(libshutdown2.o)
    0x080001c8   0x080001c8   0x00000000   Code   RO         1353    .ARM.Collect$$libshutdown$$0000000C  c_w.l(libshutdown2.o)
    0x080001c8   0x080001c8   0x00000000   Code   RO         1356    .ARM.Collect$$libshutdown$$0000000F  c_w.l(libshutdown2.o)
    0x080001c8   0x080001c8   0x00000002   Code   RO         1357    .ARM.Collect$$libshutdown$$00000010  c_w.l(libshutdown2.o)
    0x080001ca   0x080001ca   0x00000000   Code   RO         1024    .ARM.Collect$$rtentry$$00000000  c_w.l(__rtentry.o)
    0x080001ca   0x080001ca   0x00000000   Code   RO         1106    .ARM.Collect$$rtentry$$00000002  c_w.l(__rtentry2.o)
    0x080001ca   0x080001ca   0x00000006   Code   RO         1118    .ARM.Collect$$rtentry$$00000004  c_w.l(__rtentry4.o)
    0x080001d0   0x080001d0   0x00000000   Code   RO         1108    .ARM.Collect$$rtentry$$00000009  c_w.l(__rtentry2.o)
    0x080001d0   0x080001d0   0x00000004   Code   RO         1109    .ARM.Collect$$rtentry$$0000000A  c_w.l(__rtentry2.o)
    0x080001d4   0x080001d4   0x00000000   Code   RO         1111    .ARM.Collect$$rtentry$$0000000C  c_w.l(__rtentry2.o)
    0x080001d4   0x080001d4   0x00000008   Code   RO         1112    .ARM.Collect$$rtentry$$0000000D  c_w.l(__rtentry2.o)
    0x080001dc   0x080001dc   0x00000002   Code   RO         1366    .ARM.Collect$$rtexit$$00000000  c_w.l(rtexit.o)
    0x080001de   0x080001de   0x00000000   Code   RO         1431    .ARM.Collect$$rtexit$$00000002  c_w.l(rtexit2.o)
    0x080001de   0x080001de   0x00000004   Code   RO         1432    .ARM.Collect$$rtexit$$00000003  c_w.l(rtexit2.o)
    0x080001e2   0x080001e2   0x00000006   Code   RO         1433    .ARM.Collect$$rtexit$$00000004  c_w.l(rtexit2.o)
    0x080001e8   0x080001e8   0x00000040   Code   RO            4    .text               startup_stm32f103xb.o
    0x08000228   0x08000228   0x00000074   Code   RO          920    .text               c_w.l(llsdiv.o)
    0x0800029c   0x0800029c   0x00000018   Code   RO          924    .text               c_w.l(noretval__2printf.o)
    0x080002b4   0x080002b4   0x0000004e   Code   RO          928    .text               c_w.l(_printf_pad.o)
    0x08000302   0x08000302   0x00000002   PAD
    0x08000304   0x08000304   0x00000078   Code   RO          930    .text               c_w.l(_printf_dec.o)
    0x0800037c   0x0800037c   0x00000058   Code   RO          935    .text               c_w.l(_printf_hex_int.o)
    0x080003d4   0x080003d4   0x00000138   Code   RO          965    .text               c_w.l(__printf_flags_wp.o)
    0x0800050c   0x0800050c   0x00000058   Code   RO          977    .text               c_w.l(memcmp.o)
    0x08000564   0x08000564   0x00000006   Code   RO          979    .text               c_w.l(heapauxi.o)
    0x0800056a   0x0800056a   0x000000f0   Code   RO         1029    .text               c_w.l(lludivv7m.o)
    0x0800065a   0x0800065a   0x00000016   Code   RO         1031    .text               c_w.l(_rserrno.o)
    0x08000670   0x08000670   0x000000b2   Code   RO         1033    .text               c_w.l(_printf_intcommon.o)
    0x08000722   0x08000722   0x0000041c   Code   RO         1035    .text               c_w.l(_printf_fp_dec.o)
    0x08000b3e   0x08000b3e   0x00000002   PAD
    0x08000b40   0x08000b40   0x00000024   Code   RO         1039    .text               c_w.l(_printf_char_file.o)
    0x08000b64   0x08000b64   0x00000008   Code   RO         1125    .text               c_w.l(rt_locale_intlibspace.o)
    0x08000b6c   0x08000b6c   0x00000008   Code   RO         1130    .text               c_w.l(rt_errno_addr_intlibspace.o)
    0x08000b74   0x08000b74   0x0000008a   Code   RO         1132    .text               c_w.l(lludiv10.o)
    0x08000bfe   0x08000bfe   0x00000002   PAD
    0x08000c00   0x08000c00   0x00000030   Code   RO         1134    .text               c_w.l(_printf_char_common.o)
    0x08000c30   0x08000c30   0x00000080   Code   RO         1136    .text               c_w.l(_printf_fp_infnan.o)
    0x08000cb0   0x08000cb0   0x000000e4   Code   RO         1138    .text               c_w.l(bigflt0.o)
    0x08000d94   0x08000d94   0x00000008   Code   RO         1165    .text               c_w.l(ferror.o)
    0x08000d9c   0x08000d9c   0x00000138   Code   RO         1171    .text               c_w.l(initio.o)
    0x08000ed4   0x08000ed4   0x00000008   Code   RO         1195    .text               c_w.l(libspace.o)
    0x08000edc   0x08000edc   0x0000004a   Code   RO         1200    .text               c_w.l(sys_stackheap_outer.o)
    0x08000f26   0x08000f26   0x0000004e   Code   RO         1204    .text               c_w.l(h1_free.o)
    0x08000f74   0x08000f74   0x000001e2   Code   RO         1262    .text               c_w.l(flsbuf.o)
    0x08001156   0x08001156   0x00000046   Code   RO         1264    .text               c_w.l(setvbuf.o)
    0x0800119c   0x0800119c   0x000000f0   Code   RO         1267    .text               c_w.l(fopen.o)
    0x0800128c   0x0800128c   0x0000004c   Code   RO         1269    .text               c_w.l(fclose.o)
    0x080012d8   0x080012d8   0x00000012   Code   RO         1275    .text               c_w.l(exit.o)
    0x080012ea   0x080012ea   0x0000000e   Code   RO         1281    .text               c_w.l(defsig_rtred_outer.o)
    0x080012f8   0x080012f8   0x0000004e   Code   RO         1285    .text               c_w.l(rt_memclr_w.o)
    0x08001346   0x08001346   0x00000002   PAD
    0x08001348   0x08001348   0x00000080   Code   RO         1287    .text               c_w.l(strcmpv7m.o)
    0x080013c8   0x080013c8   0x00000066   Code   RO         1362    .text               c_w.l(sys_io.o)
    0x0800142e   0x0800142e   0x00000002   PAD
    0x08001430   0x08001430   0x00000008   Code   RO         1373    .text               c_w.l(rt_heap_descriptor_intlibspace.o)
    0x08001438   0x08001438   0x00000004   Code   RO         1375    .text               c_w.l(hguard.o)
    0x0800143c   0x0800143c   0x0000008a   Code   RO         1377    .text               c_w.l(init_alloc.o)
    0x080014c6   0x080014c6   0x0000005e   Code   RO         1383    .text               c_w.l(h1_alloc.o)
    0x08001524   0x08001524   0x000000f8   Code   RO         1399    .text               c_w.l(fseek.o)
    0x0800161c   0x0800161c   0x00000108   Code   RO         1401    .text               c_w.l(stdio.o)
    0x08001724   0x08001724   0x0000000a   Code   RO         1407    .text               c_w.l(defsig_exit.o)
    0x0800172e   0x0800172e   0x00000002   PAD
    0x08001730   0x08001730   0x00000034   Code   RO         1411    .text               c_w.l(defsig_rtred_inner.o)
    0x08001764   0x08001764   0x0000000c   Code   RO         1423    .text               c_w.l(sys_exit.o)
    0x08001770   0x08001770   0x00000002   Code   RO         1427    .text               c_w.l(use_no_semi.o)
    0x08001772   0x08001772   0x00000000   Code   RO         1429    .text               c_w.l(indicate_semi.o)
    0x08001772   0x08001772   0x00000000   Code   RO         1437    .text               c_w.l(maybetermalloc1.o)
    0x08001772   0x08001772   0x0000000c   Code   RO         1439    .text               c_w.l(h1_init.o)
    0x0800177e   0x0800177e   0x00000034   Code   RO         1441    .text               c_w.l(h1_extend.o)
    0x080017b2   0x080017b2   0x00000042   Code   RO         1451    .text               c_w.l(ftell.o)
    0x080017f4   0x080017f4   0x00000032   Code   RO         1459    .text               c_w.l(defsig_general.o)
    0x08001826   0x08001826   0x0000000e   Code   RO         1461    .text               c_w.l(defsig_rtmem_outer.o)
    0x08001834   0x08001834   0x0000003e   Code   RO         1465    .text               c_w.l(strlen.o)
    0x08001872   0x08001872   0x0000000e   Code   RO         1478    .text               c_w.l(sys_wrch.o)
    0x08001880   0x08001880   0x00000050   Code   RO         1490    .text               c_w.l(defsig_rtmem_inner.o)
    0x080018d0   0x080018d0   0x00000002   Code   RO           75    .text.BusFault_Handler  stm32f1xx_it.o
    0x080018d2   0x080018d2   0x00000002   PAD
    0x080018d4   0x080018d4   0x00000002   Code   RO           81    .text.DebugMon_Handler  stm32f1xx_it.o
    0x080018d6   0x080018d6   0x00000002   PAD
    0x080018d8   0x080018d8   0x0000000a   Code   RO           17    .text.Error_Handler  main.o
    0x080018e2   0x080018e2   0x00000002   PAD
    0x080018e4   0x080018e4   0x00000028   Code   RO          275    .text.HAL_Delay     stm32f1xx_hal.o
    0x0800190c   0x0800190c   0x0000020e   Code   RO          367    .text.HAL_GPIO_Init  stm32f1xx_hal_gpio.o
    0x08001b1a   0x08001b1a   0x00000002   PAD
    0x08001b1c   0x08001b1c   0x0000000a   Code   RO          373    .text.HAL_GPIO_WritePin  stm32f1xx_hal_gpio.o
    0x08001b26   0x08001b26   0x00000002   PAD
    0x08001b28   0x08001b28   0x0000000c   Code   RO          267    .text.HAL_GetTick   stm32f1xx_hal.o
    0x08001b34   0x08001b34   0x00000164   Code   RO          117    .text.HAL_I2C_Init  stm32f1xx_hal_i2c.o
    0x08001c98   0x08001c98   0x0000035a   Code   RO          165    .text.HAL_I2C_Mem_Read  stm32f1xx_hal_i2c.o
    0x08001ff2   0x08001ff2   0x00000002   PAD
    0x08001ff4   0x08001ff4   0x0000015c   Code   RO          161    .text.HAL_I2C_Mem_Write  stm32f1xx_hal_i2c.o
    0x08002150   0x08002150   0x00000062   Code   RO           41    .text.HAL_I2C_MspInit  i2c.o
    0x080021b2   0x080021b2   0x00000002   PAD
    0x080021b4   0x080021b4   0x0000001a   Code   RO          265    .text.HAL_IncTick   stm32f1xx_hal.o
    0x080021ce   0x080021ce   0x00000002   PAD
    0x080021d0   0x080021d0   0x00000026   Code   RO          255    .text.HAL_Init      stm32f1xx_hal.o
    0x080021f6   0x080021f6   0x00000002   PAD
    0x080021f8   0x080021f8   0x00000048   Code   RO          257    .text.HAL_InitTick  stm32f1xx_hal.o
    0x08002240   0x08002240   0x00000042   Code   RO           94    .text.HAL_MspInit   stm32f1xx_hal_msp.o
    0x08002282   0x08002282   0x00000002   PAD
    0x08002284   0x08002284   0x00000056   Code   RO          425    .text.HAL_NVIC_SetPriority  stm32f1xx_hal_cortex.o
    0x080022da   0x080022da   0x00000002   PAD
    0x080022dc   0x080022dc   0x00000020   Code   RO          423    .text.HAL_NVIC_SetPriorityGrouping  stm32f1xx_hal_cortex.o
    0x080022fc   0x080022fc   0x000001c2   Code   RO          319    .text.HAL_RCC_ClockConfig  stm32f1xx_hal_rcc.o
    0x080024be   0x080024be   0x00000002   PAD
    0x080024c0   0x080024c0   0x00000026   Code   RO          331    .text.HAL_RCC_GetPCLK1Freq  stm32f1xx_hal_rcc.o
    0x080024e6   0x080024e6   0x00000002   PAD
    0x080024e8   0x080024e8   0x00000026   Code   RO          333    .text.HAL_RCC_GetPCLK2Freq  stm32f1xx_hal_rcc.o
    0x0800250e   0x0800250e   0x00000002   PAD
    0x08002510   0x08002510   0x00000400   Code   RO          317    .text.HAL_RCC_OscConfig  stm32f1xx_hal_rcc.o
    0x08002910   0x08002910   0x0000002c   Code   RO          435    .text.HAL_SYSTICK_Config  stm32f1xx_hal_cortex.o
    0x0800293c   0x0800293c   0x000000e2   Code   RO          590    .text.HAL_UART_Init  stm32f1xx_hal_uart.o
    0x08002a1e   0x08002a1e   0x00000002   PAD
    0x08002a20   0x08002a20   0x0000007a   Code   RO           56    .text.HAL_UART_MspInit  usart.o
    0x08002a9a   0x08002a9a   0x00000002   PAD
    0x08002a9c   0x08002a9c   0x00000002   Code   RO           71    .text.HardFault_Handler  stm32f1xx_it.o
    0x08002a9e   0x08002a9e   0x00000002   PAD
    0x08002aa0   0x08002aa0   0x00000112   Code   RO          167    .text.I2C_RequestMemoryRead  stm32f1xx_hal_i2c.o
    0x08002bb2   0x08002bb2   0x00000002   PAD
    0x08002bb4   0x08002bb4   0x000000c8   Code   RO          163    .text.I2C_RequestMemoryWrite  stm32f1xx_hal_i2c.o
    0x08002c7c   0x08002c7c   0x000000ba   Code   RO          131    .text.I2C_WaitOnBTFFlagUntilTimeout  stm32f1xx_hal_i2c.o
    0x08002d36   0x08002d36   0x00000002   PAD
    0x08002d38   0x08002d38   0x000001ca   Code   RO          127    .text.I2C_WaitOnFlagUntilTimeout  stm32f1xx_hal_i2c.o
    0x08002f02   0x08002f02   0x00000002   PAD
    0x08002f04   0x08002f04   0x000000d6   Code   RO          245    .text.I2C_WaitOnMasterAddressFlagUntilTimeout  stm32f1xx_hal_i2c.o
    0x08002fda   0x08002fda   0x00000002   PAD
    0x08002fdc   0x08002fdc   0x00000090   Code   RO          135    .text.I2C_WaitOnRXNEFlagUntilTimeout  stm32f1xx_hal_i2c.o
    0x0800306c   0x0800306c   0x000000ba   Code   RO          129    .text.I2C_WaitOnTXEFlagUntilTimeout  stm32f1xx_hal_i2c.o
    0x08003126   0x08003126   0x00000002   PAD
    0x08003128   0x08003128   0x000001dc   Code   RO          909    .text.MPU6050_DMP_Get_Date  my_mpu6050.o
    0x08003304   0x08003304   0x000000ae   Code   RO          903    .text.MPU6050_DMP_init  my_mpu6050.o
    0x080033b2   0x080033b2   0x00000002   PAD
    0x080033b4   0x080033b4   0x00000086   Code   RO           29    .text.MX_GPIO_Init  gpio.o
    0x0800343a   0x0800343a   0x00000002   PAD
    0x0800343c   0x0800343c   0x00000042   Code   RO           39    .text.MX_I2C1_Init  i2c.o
    0x0800347e   0x0800347e   0x00000002   PAD
    0x08003480   0x08003480   0x0000003c   Code   RO           54    .text.MX_USART1_UART_Init  usart.o
    0x080034bc   0x080034bc   0x00000002   Code   RO           73    .text.MemManage_Handler  stm32f1xx_it.o
    0x080034be   0x080034be   0x00000002   PAD
    0x080034c0   0x080034c0   0x00000002   Code   RO           69    .text.NMI_Handler   stm32f1xx_it.o
    0x080034c2   0x080034c2   0x00000002   PAD
    0x080034c4   0x080034c4   0x00000002   Code   RO           83    .text.PendSV_Handler  stm32f1xx_it.o
    0x080034c6   0x080034c6   0x00000002   PAD
    0x080034c8   0x080034c8   0x00000002   Code   RO           79    .text.SVC_Handler   stm32f1xx_it.o
    0x080034ca   0x080034ca   0x00000002   PAD
    0x080034cc   0x080034cc   0x00000004   Code   RO           85    .text.SysTick_Handler  stm32f1xx_it.o
    0x080034d0   0x080034d0   0x00000002   Code   RO          710    .text.SystemInit    system_stm32f1xx.o
    0x080034d2   0x080034d2   0x00000002   PAD
    0x080034d4   0x080034d4   0x00000002   Code   RO           77    .text.UsageFault_Handler  stm32f1xx_it.o
    0x080034d6   0x080034d6   0x00000002   PAD
    0x080034d8   0x080034d8   0x000002a0   Code   RO          867    .text.dmp_enable_feature  inv_mpu_dmp_motion_driver.o
    0x08003778   0x08003778   0x00000016   Code   RO          831    .text.dmp_load_motion_driver_firmware  inv_mpu_dmp_motion_driver.o
    0x0800378e   0x0800378e   0x00000002   PAD
    0x08003790   0x08003790   0x000001cc   Code   RO          879    .text.dmp_read_fifo  inv_mpu_dmp_motion_driver.o
    0x0800395c   0x0800395c   0x000000c2   Code   RO          837    .text.dmp_set_accel_bias  inv_mpu_dmp_motion_driver.o
    0x08003a1e   0x08003a1e   0x00000002   PAD
    0x08003a20   0x08003a20   0x00000070   Code   RO          839    .text.dmp_set_fifo_rate  inv_mpu_dmp_motion_driver.o
    0x08003a90   0x08003a90   0x000000e0   Code   RO          835    .text.dmp_set_gyro_bias  inv_mpu_dmp_motion_driver.o
    0x08003b70   0x08003b70   0x000000e8   Code   RO          833    .text.dmp_set_orientation  inv_mpu_dmp_motion_driver.o
    0x08003c58   0x08003c58   0x0000012a   Code   RO          843    .text.dmp_set_tap_thresh  inv_mpu_dmp_motion_driver.o
    0x08003d82   0x08003d82   0x00000002   PAD
    0x08003d84   0x08003d84   0x00000430   Code   RO          801    .text.get_st_biases  inv_mpu.o
    0x080041b4   0x080041b4   0x00000004   Code   RO          905    .text.inv_orientation_matrix_to_scalar  my_mpu6050.o
    0x080041b8   0x080041b8   0x00000134   Code   RO           13    .text.main          main.o
    0x080042ec   0x080042ec   0x000000c6   Code   RO          739    .text.mpu_configure_fifo  inv_mpu.o
    0x080043b2   0x080043b2   0x00000002   PAD
    0x080043b4   0x080043b4   0x00000036   Code   RO          771    .text.mpu_get_accel_fsr  inv_mpu.o
    0x080043ea   0x080043ea   0x00000002   PAD
    0x080043ec   0x080043ec   0x00000040   Code   RO          783    .text.mpu_get_accel_sens  inv_mpu.o
    0x0800442c   0x0800442c   0x0000004e   Code   RO          781    .text.mpu_get_gyro_sens  inv_mpu.o
    0x0800447a   0x0800447a   0x00000002   PAD
    0x0800447c   0x0800447c   0x00000188   Code   RO          729    .text.mpu_init      inv_mpu.o
    0x08004604   0x08004604   0x000001be   Code   RO          807    .text.mpu_load_firmware  inv_mpu.o
    0x080047c2   0x080047c2   0x00000002   PAD
    0x080047c4   0x080047c4   0x0000028e   Code   RO          745    .text.mpu_lp_accel_mode  inv_mpu.o
    0x08004a52   0x08004a52   0x00000002   PAD
    0x08004a54   0x08004a54   0x000000f2   Code   RO          793    .text.mpu_read_fifo_stream  inv_mpu.o
    0x08004b46   0x08004b46   0x00000002   PAD
    0x08004b48   0x08004b48   0x000001fc   Code   RO          767    .text.mpu_reset_fifo  inv_mpu.o
    0x08004d44   0x08004d44   0x00000988   Code   RO          797    .text.mpu_run_self_test  inv_mpu.o
    0x080056cc   0x080056cc   0x0000012e   Code   RO          741    .text.mpu_set_bypass  inv_mpu.o
    0x080057fa   0x080057fa   0x00000002   PAD
    0x080057fc   0x080057fc   0x00000138   Code   RO          799    .text.mpu_set_dmp_state  inv_mpu.o
    0x08005934   0x08005934   0x000000b0   Code   RO          735    .text.mpu_set_lpf   inv_mpu.o
    0x080059e4   0x080059e4   0x000000f8   Code   RO          737    .text.mpu_set_sample_rate  inv_mpu.o
    0x08005adc   0x08005adc   0x00000126   Code   RO          743    .text.mpu_set_sensors  inv_mpu.o
    0x08005c02   0x08005c02   0x00000002   PAD
    0x08005c04   0x08005c04   0x00000084   Code   RO          803    .text.mpu_write_mem  inv_mpu.o
    0x08005c88   0x08005c88   0x00000090   Code   RO          907    .text.run_self_test  my_mpu6050.o
    0x08005d18   0x08005d18   0x0000003e   Code   RO         1141    CL$$btod_d2e        c_w.l(btod.o)
    0x08005d56   0x08005d56   0x00000046   Code   RO         1143    CL$$btod_d2e_denorm_low  c_w.l(btod.o)
    0x08005d9c   0x08005d9c   0x00000060   Code   RO         1142    CL$$btod_d2e_norm_op1  c_w.l(btod.o)
    0x08005dfc   0x08005dfc   0x00000338   Code   RO         1151    CL$$btod_div_common  c_w.l(btod.o)
    0x08006134   0x08006134   0x000000dc   Code   RO         1148    CL$$btod_e2e        c_w.l(btod.o)
    0x08006210   0x08006210   0x0000002a   Code   RO         1145    CL$$btod_ediv       c_w.l(btod.o)
    0x0800623a   0x0800623a   0x0000002a   Code   RO         1144    CL$$btod_emul       c_w.l(btod.o)
    0x08006264   0x08006264   0x00000244   Code   RO         1150    CL$$btod_mult_common  c_w.l(btod.o)
    0x080064a8   0x080064a8   0x00000028   Code   RO         1096    i.__ARM_fpclassify  m_ws.l(fpclassify.o)
    0x080064d0   0x080064d0   0x000000aa   Code   RO         1098    i.__kernel_poly     m_ws.l(poly.o)
    0x0800657a   0x0800657a   0x00000006   Code   RO         1083    i.__mathlib_dbl_infnan  m_ws.l(dunder.o)
    0x08006580   0x08006580   0x00000004   Code   RO         1084    i.__mathlib_dbl_infnan2  m_ws.l(dunder.o)
    0x08006584   0x08006584   0x0000000c   Code   RO         1085    i.__mathlib_dbl_invalid  m_ws.l(dunder.o)
    0x08006590   0x08006590   0x00000010   Code   RO         1088    i.__mathlib_dbl_underflow  m_ws.l(dunder.o)
    0x080065a0   0x080065a0   0x0000000e   Code   RO          963    i._is_digit         c_w.l(__printf_wp.o)
    0x080065ae   0x080065ae   0x00000002   PAD
    0x080065b0   0x080065b0   0x00000270   Code   RO         1016    i.asin              m_ws.l(asin.o)
    0x08006820   0x08006820   0x00000220   Code   RO         1078    i.atan              m_ws.l(atan.o)
    0x08006a40   0x08006a40   0x0000019c   Code   RO         1021    i.atan2             m_ws.l(atan2.o)
    0x08006bdc   0x08006bdc   0x0000001c   Code   RO         1168    i.fputc             c_w.l(fputc.o)
    0x08006bf8   0x08006bf8   0x0000004c   Code   RO         1102    i.sqrt              m_ws.l(sqrt.o)
    0x08006c44   0x08006c44   0x0000002c   Code   RO         1180    locale$$code        c_w.l(lc_numeric_c.o)
    0x08006c70   0x08006c70   0x00000062   Code   RO          983    x$fpl$d2f           fz_ws.l(d2f.o)
    0x08006cd2   0x08006cd2   0x00000002   PAD
    0x08006cd4   0x08006cd4   0x00000150   Code   RO         1048    x$fpl$dadd          fz_ws.l(daddsub_clz.o)
    0x08006e24   0x08006e24   0x00000010   Code   RO         1182    x$fpl$dcheck1       fz_ws.l(dcheck1.o)
    0x08006e34   0x08006e34   0x00000018   Code   RO         1184    x$fpl$dcmpinf       fz_ws.l(dcmpi.o)
    0x08006e4c   0x08006e4c   0x000002b4   Code   RO         1055    x$fpl$ddiv          fz_ws.l(ddiv.o)
    0x08007100   0x08007100   0x00000078   Code   RO         1058    x$fpl$deqf          fz_ws.l(deqf.o)
    0x08007178   0x08007178   0x00000154   Code   RO          985    x$fpl$dmul          fz_ws.l(dmul.o)
    0x080072cc   0x080072cc   0x0000009c   Code   RO         1060    x$fpl$dnaninf       fz_ws.l(dnaninf.o)
    0x08007368   0x08007368   0x0000000c   Code   RO         1062    x$fpl$dretinf       fz_ws.l(dretinf.o)
    0x08007374   0x08007374   0x00000016   Code   RO         1049    x$fpl$drsb          fz_ws.l(daddsub_clz.o)
    0x0800738a   0x0800738a   0x00000002   PAD
    0x0800738c   0x0800738c   0x000001cc   Code   RO         1186    x$fpl$dsqrt         fz_ws.l(dsqrt_noumaal.o)
    0x08007558   0x08007558   0x000001dc   Code   RO         1050    x$fpl$dsub          fz_ws.l(daddsub_clz.o)
    0x08007734   0x08007734   0x00000056   Code   RO          987    x$fpl$f2d           fz_ws.l(f2d.o)
    0x0800778a   0x0800778a   0x00000002   PAD
    0x0800778c   0x0800778c   0x000000c4   Code   RO          989    x$fpl$fadd          fz_ws.l(faddsub_clz.o)
    0x08007850   0x08007850   0x00000054   Code   RO          995    x$fpl$fcmp          fz_ws.l(fcmp.o)
    0x080078a4   0x080078a4   0x00000018   Code   RO         1188    x$fpl$fcmpinf       fz_ws.l(fcmpi.o)
    0x080078bc   0x080078bc   0x00000184   Code   RO          998    x$fpl$fdiv          fz_ws.l(fdiv.o)
    0x08007a40   0x08007a40   0x00000068   Code   RO         1064    x$fpl$feqf          fz_ws.l(feqf.o)
    0x08007aa8   0x08007aa8   0x00000036   Code   RO         1001    x$fpl$ffix          fz_ws.l(ffix.o)
    0x08007ade   0x08007ade   0x00000002   PAD
    0x08007ae0   0x08007ae0   0x00000030   Code   RO         1006    x$fpl$fflt          fz_ws.l(fflt_clz.o)
    0x08007b10   0x08007b10   0x00000026   Code   RO         1005    x$fpl$ffltu         fz_ws.l(fflt_clz.o)
    0x08007b36   0x08007b36   0x00000002   PAD
    0x08007b38   0x08007b38   0x00000068   Code   RO         1066    x$fpl$fgeqf         fz_ws.l(fgeqf.o)
    0x08007ba0   0x08007ba0   0x00000068   Code   RO         1068    x$fpl$fleqf         fz_ws.l(fleqf.o)
    0x08007c08   0x08007c08   0x00000102   Code   RO         1011    x$fpl$fmul          fz_ws.l(fmul.o)
    0x08007d0a   0x08007d0a   0x0000008c   Code   RO         1070    x$fpl$fnaninf       fz_ws.l(fnaninf.o)
    0x08007d96   0x08007d96   0x0000000a   Code   RO         1072    x$fpl$fretinf       fz_ws.l(fretinf.o)
    0x08007da0   0x08007da0   0x000000ea   Code   RO          991    x$fpl$fsub          fz_ws.l(faddsub_clz.o)
    0x08007e8a   0x08007e8a   0x00000004   Code   RO         1013    x$fpl$printf1       fz_ws.l(printf1.o)
    0x08007e8e   0x08007e8e   0x00000064   Code   RO         1360    x$fpl$retnan        fz_ws.l(retnan.o)
    0x08007ef2   0x08007ef2   0x0000005c   Code   RO         1074    x$fpl$scalbn        fz_ws.l(scalbn.o)
    0x08007f4e   0x08007f4e   0x00000030   Code   RO         1421    x$fpl$trapveneer    fz_ws.l(trapv.o)
    0x08007f7e   0x08007f7e   0x00000000   Code   RO         1076    x$fpl$usenofp       fz_ws.l(usenofp.o)
    0x08007f7e   0x08007f7e   0x00000028   Data   RO          936    .constdata          c_w.l(_printf_hex_int.o)
    0x08007fa6   0x08007fa6   0x00000011   Data   RO          966    .constdata          c_w.l(__printf_flags_wp.o)
    0x08007fb7   0x08007fb7   0x00000001   PAD
    0x08007fb8   0x08007fb8   0x00000050   Data   RO         1017    .constdata          m_ws.l(asin.o)
    0x08008008   0x08008008   0x00000098   Data   RO         1079    .constdata          m_ws.l(atan.o)
    0x080080a0   0x080080a0   0x00000008   Data   RO         1100    .constdata          m_ws.l(qnan.o)
    0x080080a8   0x080080a8   0x00000094   Data   RO         1139    .constdata          c_w.l(bigflt0.o)
    0x0800813c   0x0800813c   0x00000004   Data   RO         1192    .constdata          c_w.l(sys_io_names.o)
    0x08008140   0x08008140   0x00000004   Data   RO         1193    .constdata          c_w.l(sys_io_names.o)
    0x08008144   0x08008144   0x00000004   Data   RO         1194    .constdata          c_w.l(sys_io_names.o)
    0x08008148   0x08008148   0x00000003   Data   RO          887    .rodata..L__const.dmp_set_orientation.accel_axes  inv_mpu_dmp_motion_driver.o
    0x0800814b   0x0800814b   0x00000003   Data   RO          886    .rodata..L__const.dmp_set_orientation.gyro_axes  inv_mpu_dmp_motion_driver.o
    0x0800814e   0x0800814e   0x00000010   Data   RO          715    .rodata.AHBPrescTable  system_stm32f1xx.o
    0x0800815e   0x0800815e   0x00000008   Data   RO          716    .rodata.APBPrescTable  system_stm32f1xx.o
    0x08008166   0x08008166   0x00000002   Data   RO          344    .rodata.HAL_RCC_GetSysClockFreq.aPredivFactorTable  stm32f1xx_hal_rcc.o
    0x08008168   0x08008168   0x00000010   Data   RO          343    .rodata.cst16       stm32f1xx_hal_rcc.o
    0x08008178   0x08008178   0x00000008   Data   RO          821    .rodata.cst8        inv_mpu.o
    0x08008180   0x08008180   0x00000bf6   Data   RO          885    .rodata.dmp_memory  inv_mpu_dmp_motion_driver.o
    0x08008d76   0x08008d76   0x0000000c   Data   RO          818    .rodata.hw          inv_mpu.o
    0x08008d82   0x08008d82   0x0000001e   Data   RO          817    .rodata.reg         inv_mpu.o
    0x08008da0   0x08008da0   0x00000028   Data   RO          819    .rodata.test        inv_mpu.o
    0x08008dc8   0x08008dc8   0x00000020   Data   RO         1514    Region$$Table       anon$$obj.o
    0x08008de8   0x08008de8   0x0000001c   Data   RO         1179    locale$$data        c_w.l(lc_numeric_c.o)


    Execution Region RW_IRAM1 (Exec base: 0x20000000, Load base: 0x08008e08, Size: 0x00000870, Max: 0x00005000, ABSOLUTE)

    Exec Addr    Load Addr    Size         Type   Attr      Idx    E Section Name        Object

    0x20000000   0x08008e08   0x00000004   Data   RW         1045    .data               c_w.l(stdio_streams.o)
    0x20000004   0x08008e0c   0x00000004   Data   RW         1046    .data               c_w.l(stdio_streams.o)
    0x20000008   0x08008e10   0x00000004   Data   RW         1047    .data               c_w.l(stdio_streams.o)
    0x2000000c   0x08008e14   0x00000008   Data   RW          306    .data..L_MergedGlobals  stm32f1xx_hal.o
    0x20000014   0x08008e1c   0x00000004   Data   RW          714    .data.SystemCoreClock  system_stm32f1xx.o
    0x20000018   0x08008e20   0x0000002c   Data   RW          820    .data.st            inv_mpu.o
    0x20000044   0x08008e4c   0x00000004   PAD
    0x20000048        -       0x00000054   Zero   RW         1042    .bss                c_w.l(stdio_streams.o)
    0x2000009c        -       0x00000054   Zero   RW         1043    .bss                c_w.l(stdio_streams.o)
    0x200000f0        -       0x00000054   Zero   RW         1044    .bss                c_w.l(stdio_streams.o)
    0x20000144        -       0x00000060   Zero   RW         1196    .bss                c_w.l(libspace.o)
    0x200001a4        -       0x00000010   Zero   RW           20    .bss..L_MergedGlobals  main.o
    0x200001b4        -       0x00000010   Zero   RW          894    .bss..L_MergedGlobals  inv_mpu_dmp_motion_driver.o
    0x200001c4        -       0x00000002   Zero   RW          888    .bss.dmp.2          inv_mpu_dmp_motion_driver.o
    0x200001c6   0x08008e4c   0x00000002   PAD
    0x200001c8        -       0x00000002   Zero   RW          889    .bss.dmp.4          inv_mpu_dmp_motion_driver.o
    0x200001ca   0x08008e4c   0x00000002   PAD
    0x200001cc        -       0x00000054   Zero   RW           45    .bss.hi2c1          i2c.o
    0x20000220        -       0x00000048   Zero   RW           60    .bss.huart1         usart.o
    0x20000268        -       0x00000004   Zero   RW          305    .bss.uwTick         stm32f1xx_hal.o
    0x2000026c   0x08008e4c   0x00000004   PAD
    0x20000270        -       0x00000200   Zero   RW            2    HEAP                startup_stm32f103xb.o
    0x20000470        -       0x00000400   Zero   RW            1    STACK               startup_stm32f103xb.o


==============================================================================

Image component sizes


      Code (inc. data)   RO Data    RW Data    ZI Data      Debug   Object Name

       134          0          0          0          0       1655   gpio.o
       164          0          0          0         84       4584   i2c.o
      7612         64         90         44          0      29277   inv_mpu.o
      2214         10       3068          0         20      11428   inv_mpu_dmp_motion_driver.o
       318         64          0          0         16       3643   main.o
       798          0          0          0          0       2729   my_mpu6050.o
        64         26        236          0       1536        784   startup_stm32f103xb.o
       188          0          0          8          4       5737   stm32f1xx_hal.o
       162          0          0          0          0       8428   stm32f1xx_hal_cortex.o
       536         20          0          0          0       4610   stm32f1xx_hal_gpio.o
      3224          0          0          0          0      44479   stm32f1xx_hal_i2c.o
        66          0          0          0          0       1186   stm32f1xx_hal_msp.o
      1550          0         18          0          0       7918   stm32f1xx_hal_rcc.o
       226          0          0          0          0      32503   stm32f1xx_hal_uart.o
        20          0          0          0          0       1131   stm32f1xx_it.o
         2          0         24          4          0       1575   system_stm32f1xx.o
       182          0          0          0         72       4511   usart.o

    ----------------------------------------------------------------------
     17544        184       3468         56       1744     166178   Object Totals
         0          0         32          0          0          0   (incl. Generated)
        84          0          0          0         12          0   (incl. Padding)

    ----------------------------------------------------------------------

      Code (inc. data)   RO Data    RW Data    ZI Data      Debug   Library Member Name

         8          0          0          0          0         68   __main.o
       312          4         17          0          0         92   __printf_flags_wp.o
        14          0          0          0          0         68   __printf_wp.o
         0          0          0          0          0          0   __rtentry.o
        12          0          0          0          0          0   __rtentry2.o
         6          0          0          0          0          0   __rtentry4.o
        94          8          0          0          0          0   __scatter.o
        26          0          0          0          0          0   __scatter_copy.o
        28          0          0          0          0          0   __scatter_zi.o
        48          6          0          0          0         96   _printf_char_common.o
        36          4          0          0          0         80   _printf_char_file.o
         6          0          0          0          0          0   _printf_d.o
       120         16          0          0          0         92   _printf_dec.o
         6          0          0          0          0          0   _printf_f.o
      1052          0          0          0          0        148   _printf_fp_dec.o
       128         16          0          0          0         84   _printf_fp_infnan.o
        88          4         40          0          0         88   _printf_hex_int.o
       178          0          0          0          0         88   _printf_intcommon.o
        78          0          0          0          0        108   _printf_pad.o
         0          0          0          0          0          0   _printf_percent.o
         4          0          0          0          0          0   _printf_percent_end.o
         6          0          0          0          0          0   _printf_x.o
        22          0          0          0          0        100   _rserrno.o
       228          4        148          0          0         96   bigflt0.o
      1936        128          0          0          0        668   btod.o
        10          0          0          0          0         68   defsig_exit.o
        50          0          0          0          0         88   defsig_general.o
        80         58          0          0          0         76   defsig_rtmem_inner.o
        14          0          0          0          0         80   defsig_rtmem_outer.o
        52         38          0          0          0         76   defsig_rtred_inner.o
        14          0          0          0          0         80   defsig_rtred_outer.o
        18          0          0          0          0         80   exit.o
        76          0          0          0          0         88   fclose.o
         8          0          0          0          0         68   ferror.o
       482          0          0          0          0         92   flsbuf.o
       240          6          0          0          0        128   fopen.o
        28          0          0          0          0         68   fputc.o
       248          6          0          0          0         84   fseek.o
        66          0          0          0          0         76   ftell.o
        94          0          0          0          0         80   h1_alloc.o
        52          0          0          0          0         68   h1_extend.o
        78          0          0          0          0         80   h1_free.o
        12          0          0          0          0         84   h1_init.o
         6          0          0          0          0        152   heapauxi.o
         4          0          0          0          0        136   hguard.o
         0          0          0          0          0          0   indicate_semi.o
       138          0          0          0          0        168   init_alloc.o
       312         46          0          0          0        112   initio.o
        44         10         28          0          0         76   lc_numeric_c.o
         2          0          0          0          0          0   libinit.o
        30          0          0          0          0          0   libinit2.o
         2          0          0          0          0          0   libshutdown.o
         6          0          0          0          0          0   libshutdown2.o
         8          4          0          0         96         68   libspace.o
       116          0          0          0          0         84   llsdiv.o
       138          0          0          0          0         80   lludiv10.o
       240          0          0          0          0        100   lludivv7m.o
         0          0          0          0          0          0   maybetermalloc1.o
        88          0          0          0          0         76   memcmp.o
        24          4          0          0          0         84   noretval__2printf.o
         8          4          0          0          0         68   rt_errno_addr_intlibspace.o
         8          4          0          0          0         68   rt_heap_descriptor_intlibspace.o
         8          4          0          0          0         68   rt_locale_intlibspace.o
        78          0          0          0          0         80   rt_memclr_w.o
         2          0          0          0          0          0   rtexit.o
        10          0          0          0          0          0   rtexit2.o
        70          0          0          0          0         80   setvbuf.o
       264          6          0          0          0        160   stdio.o
         0          0          0         12        252          0   stdio_streams.o
       128          0          0          0          0         68   strcmpv7m.o
        62          0          0          0          0         76   strlen.o
        12          4          0          0          0         68   sys_exit.o
       102          0          0          0          0        240   sys_io.o
         0          0         12          0          0          0   sys_io_names.o
        74          0          0          0          0         80   sys_stackheap_outer.o
        14          0          0          0          0         76   sys_wrch.o
         2          0          0          0          0         68   use_no_semi.o
        98          4          0          0          0         92   d2f.o
       834         16          0          0          0        372   daddsub_clz.o
        16          4          0          0          0         68   dcheck1.o
        24          0          0          0          0         68   dcmpi.o
       692        140          0          0          0        216   ddiv.o
       120          4          0          0          0         92   deqf.o
       340         12          0          0          0        104   dmul.o
       156          4          0          0          0         92   dnaninf.o
        12          0          0          0          0         68   dretinf.o
       460         56          0          0          0        120   dsqrt_noumaal.o
        86          4          0          0          0         84   f2d.o
       430          8          0          0          0        168   faddsub_clz.o
        84          0          0          0          0        196   fcmp.o
        24          0          0          0          0         68   fcmpi.o
       388         76          0          0          0         96   fdiv.o
       104          4          0          0          0         84   feqf.o
        54          4          0          0          0         84   ffix.o
        86          0          0          0          0        136   fflt_clz.o
       104          4          0          0          0         84   fgeqf.o
       104          4          0          0          0         84   fleqf.o
       258          4          0          0          0         84   fmul.o
       140          4          0          0          0         84   fnaninf.o
        10          0          0          0          0         68   fretinf.o
         4          0          0          0          0         68   printf1.o
       100          0          0          0          0         68   retnan.o
        92          0          0          0          0         68   scalbn.o
        48          0          0          0          0         68   trapv.o
         0          0          0          0          0          0   usenofp.o
       624         52         80          0          0        168   asin.o
       544         70        152          0          0        124   atan.o
       412         38          0          0          0        144   atan2.o
        38          6          0          0          0        272   dunder.o
        40          0          0          0          0         68   fpclassify.o
       170          0          0          0          0         96   poly.o
         0          0          8          0          0          0   qnan.o
        76          0          0          0          0         84   sqrt.o

    ----------------------------------------------------------------------
     14858        902        486         12        348       9516   Library Totals
        28          0          1          0          0          0   (incl. Padding)

    ----------------------------------------------------------------------

      Code (inc. data)   RO Data    RW Data    ZI Data      Debug   Library Name

      8058        384        245         12        348       5676   c_w.l
      4868        352          0          0          0       2884   fz_ws.l
      1904        166        240          0          0        956   m_ws.l

    ----------------------------------------------------------------------
     14858        902        486         12        348       9516   Library Totals

    ----------------------------------------------------------------------

==============================================================================


      Code (inc. data)   RO Data    RW Data    ZI Data      Debug   

     32402       1086       3954         68       2092     170258   Grand Totals
     32402       1086       3954         68       2092     170258   ELF Image Totals
     32402       1086       3954         68          0          0   ROM Totals

==============================================================================

    Total RO  Size (Code + RO Data)                36356 (  35.50kB)
    Total RW  Size (RW Data + ZI Data)              2160 (   2.11kB)
    Total ROM Size (Code + RO Data + RW Data)      36424 (  35.57kB)

==============================================================================

